Archive member included because of file (symbol)

C:\Users\12545479\git\04\Library\libLab3.a(FIFO.o)
                              ./Sources/UART.o (FIFO_Init)
C:\Users\12545479\git\04\Library\libOS.a(OS.o)
                              ./Sources/main.o (OS_Init)
c:/software/freescale/kds_3.0.0/toolchain/bin/../lib/gcc/arm-none-eabi/4.8.4/armv7e-m/fpu\libgcc.a(_arm_addsubdf3.o)
                              ./Sources/PIT.o (__aeabi_ui2d)
c:/software/freescale/kds_3.0.0/toolchain/bin/../lib/gcc/arm-none-eabi/4.8.4/armv7e-m/fpu\libgcc.a(_arm_muldivdf3.o)
                              ./Sources/PIT.o (__aeabi_ddiv)
c:/software/freescale/kds_3.0.0/toolchain/bin/../lib/gcc/arm-none-eabi/4.8.4/armv7e-m/fpu\libgcc.a(_arm_fixunsdfsi.o)
                              ./Sources/PIT.o (__aeabi_d2uiz)
c:/software/freescale/kds_3.0.0/toolchain/bin/../lib/gcc/arm-none-eabi/4.8.4/../../../../arm-none-eabi/lib/armv7e-m/fpu\libg_s.a(lib_a-exit.o)
                              c:/software/freescale/kds_3.0.0/toolchain/bin/../lib/gcc/arm-none-eabi/4.8.4/../../../../arm-none-eabi/lib/armv7e-m/fpu/crt0.o (exit)
c:/software/freescale/kds_3.0.0/toolchain/bin/../lib/gcc/arm-none-eabi/4.8.4/../../../../arm-none-eabi/lib/armv7e-m/fpu\libg_s.a(lib_a-impure.o)
                              c:/software/freescale/kds_3.0.0/toolchain/bin/../lib/gcc/arm-none-eabi/4.8.4/../../../../arm-none-eabi/lib/armv7e-m/fpu\libg_s.a(lib_a-exit.o) (_global_impure_ptr)
c:/software/freescale/kds_3.0.0/toolchain/bin/../lib/gcc/arm-none-eabi/4.8.4/../../../../arm-none-eabi/lib/armv7e-m/fpu\libg_s.a(lib_a-init.o)
                              c:/software/freescale/kds_3.0.0/toolchain/bin/../lib/gcc/arm-none-eabi/4.8.4/../../../../arm-none-eabi/lib/armv7e-m/fpu/crt0.o (__libc_init_array)
c:/software/freescale/kds_3.0.0/toolchain/bin/../lib/gcc/arm-none-eabi/4.8.4/../../../../arm-none-eabi/lib/armv7e-m/fpu\libg_s.a(lib_a-memset.o)
                              c:/software/freescale/kds_3.0.0/toolchain/bin/../lib/gcc/arm-none-eabi/4.8.4/../../../../arm-none-eabi/lib/armv7e-m/fpu/crt0.o (memset)
c:/software/freescale/kds_3.0.0/toolchain/bin/../lib/gcc/arm-none-eabi/4.8.4/../../../../arm-none-eabi/lib/armv7e-m/fpu\libnosys.a(_exit.o)
                              c:/software/freescale/kds_3.0.0/toolchain/bin/../lib/gcc/arm-none-eabi/4.8.4/../../../../arm-none-eabi/lib/armv7e-m/fpu\libg_s.a(lib_a-exit.o) (_exit)

Allocating common symbols
Common symbol       size              file

NvTowerMd           0x4               ./Sources/main.o
Synchronous         0x1               ./Sources/PIT.o
NvTowerNb           0x4               ./Sources/main.o
Packet              0x5               ./Sources/packet.o
FTM_Semaphore       0x4               ./Sources/FTM.o
Analog_Input        0x24              ./Sources/analog.o
PIT0_Semaphore      0x4               ./Sources/PIT.o
PacketSemaphore     0x4               ./Sources/packet.o
RTC_Semaphore       0x4               ./Sources/RTC.o
SR_reg              0x1               ./Generated_Code/Cpu.o

Discarded input sections

 .text          0x00000000        0x0 c:/software/freescale/kds_3.0.0/toolchain/bin/../lib/gcc/arm-none-eabi/4.8.4/armv7e-m/fpu/crti.o
 .data          0x00000000        0x0 c:/software/freescale/kds_3.0.0/toolchain/bin/../lib/gcc/arm-none-eabi/4.8.4/armv7e-m/fpu/crti.o
 .bss           0x00000000        0x0 c:/software/freescale/kds_3.0.0/toolchain/bin/../lib/gcc/arm-none-eabi/4.8.4/armv7e-m/fpu/crti.o
 .data          0x00000000        0x4 c:/software/freescale/kds_3.0.0/toolchain/bin/../lib/gcc/arm-none-eabi/4.8.4/armv7e-m/fpu/crtbegin.o
 .data          0x00000000        0x0 c:/software/freescale/kds_3.0.0/toolchain/bin/../lib/gcc/arm-none-eabi/4.8.4/../../../../arm-none-eabi/lib/armv7e-m/fpu/crt0.o
 .bss           0x00000000        0x0 c:/software/freescale/kds_3.0.0/toolchain/bin/../lib/gcc/arm-none-eabi/4.8.4/../../../../arm-none-eabi/lib/armv7e-m/fpu/crt0.o
 .ARM.extab     0x00000000        0x0 c:/software/freescale/kds_3.0.0/toolchain/bin/../lib/gcc/arm-none-eabi/4.8.4/../../../../arm-none-eabi/lib/armv7e-m/fpu/crt0.o
 .group         0x00000000        0x8 ./Sources/Events.o
 .group         0x00000000        0x8 ./Sources/Events.o
 .group         0x00000000        0x8 ./Sources/Events.o
 .group         0x00000000        0x8 ./Sources/Events.o
 .group         0x00000000        0x8 ./Sources/Events.o
 .group         0x00000000        0x8 ./Sources/Events.o
 .group         0x00000000        0x8 ./Sources/Events.o
 .group         0x00000000        0x8 ./Sources/Events.o
 .group         0x00000000        0x8 ./Sources/Events.o
 .text          0x00000000        0x0 ./Sources/Events.o
 .data          0x00000000        0x0 ./Sources/Events.o
 .bss           0x00000000        0x0 ./Sources/Events.o
 .debug_info    0x00000000       0x7d ./Sources/Events.o
 .debug_abbrev  0x00000000       0x29 ./Sources/Events.o
 .debug_aranges
                0x00000000       0x18 ./Sources/Events.o
 .debug_macro   0x00000000       0x9f ./Sources/Events.o
 .debug_macro   0x00000000      0x850 ./Sources/Events.o
 .debug_macro   0x00000000       0x16 ./Sources/Events.o
 .debug_macro   0x00000000       0x44 ./Sources/Events.o
 .debug_macro   0x00000000      0x209 ./Sources/Events.o
 .debug_macro   0x00000000     0x17fa ./Sources/Events.o
 .debug_macro   0x00000000      0x14e ./Sources/Events.o
 .debug_macro   0x00000000       0x64 ./Sources/Events.o
 .debug_macro   0x00000000    0x174c1 ./Sources/Events.o
 .debug_macro   0x00000000       0x9a ./Sources/Events.o
 .debug_line    0x00000000      0x234 ./Sources/Events.o
 .debug_str     0x00000000    0x8a5e7 ./Sources/Events.o
 .comment       0x00000000       0x71 ./Sources/Events.o
 .ARM.attributes
                0x00000000       0x39 ./Sources/Events.o
 .group         0x00000000        0x8 ./Sources/FIFO.o
 .group         0x00000000        0x8 ./Sources/FIFO.o
 .group         0x00000000        0x8 ./Sources/FIFO.o
 .group         0x00000000        0x8 ./Sources/FIFO.o
 .group         0x00000000        0x8 ./Sources/FIFO.o
 .group         0x00000000        0x8 ./Sources/FIFO.o
 .group         0x00000000        0x8 ./Sources/FIFO.o
 .group         0x00000000        0x8 ./Sources/FIFO.o
 .group         0x00000000        0x8 ./Sources/FIFO.o
 .group         0x00000000        0x8 ./Sources/FIFO.o
 .group         0x00000000        0x8 ./Sources/FIFO.o
 .group         0x00000000        0x8 ./Sources/FIFO.o
 .text          0x00000000        0x0 ./Sources/FIFO.o
 .data          0x00000000        0x0 ./Sources/FIFO.o
 .bss           0x00000000        0x0 ./Sources/FIFO.o
 .text.fifo_Init
                0x00000000       0x50 ./Sources/FIFO.o
 .text.fifo_Put
                0x00000000       0x8c ./Sources/FIFO.o
 .text.fifo_Get
                0x00000000       0x8c ./Sources/FIFO.o
 .debug_info    0x00000000      0x251 ./Sources/FIFO.o
 .debug_abbrev  0x00000000       0xe6 ./Sources/FIFO.o
 .debug_aranges
                0x00000000       0x30 ./Sources/FIFO.o
 .debug_ranges  0x00000000       0x20 ./Sources/FIFO.o
 .debug_macro   0x00000000       0xbc ./Sources/FIFO.o
 .debug_macro   0x00000000      0x850 ./Sources/FIFO.o
 .debug_macro   0x00000000       0x16 ./Sources/FIFO.o
 .debug_macro   0x00000000       0x44 ./Sources/FIFO.o
 .debug_macro   0x00000000      0x209 ./Sources/FIFO.o
 .debug_macro   0x00000000       0x22 ./Sources/FIFO.o
 .debug_macro   0x00000000      0x142 ./Sources/FIFO.o
 .debug_macro   0x00000000    0x174c1 ./Sources/FIFO.o
 .debug_macro   0x00000000       0x36 ./Sources/FIFO.o
 .debug_macro   0x00000000     0x1800 ./Sources/FIFO.o
 .debug_macro   0x00000000      0x14e ./Sources/FIFO.o
 .debug_macro   0x00000000       0x64 ./Sources/FIFO.o
 .debug_macro   0x00000000       0x9a ./Sources/FIFO.o
 .debug_line    0x00000000      0x2ee ./Sources/FIFO.o
 .debug_str     0x00000000    0x8ad02 ./Sources/FIFO.o
 .comment       0x00000000       0x71 ./Sources/FIFO.o
 .ARM.attributes
                0x00000000       0x39 ./Sources/FIFO.o
 .debug_frame   0x00000000       0x70 ./Sources/FIFO.o
 .group         0x00000000        0x8 ./Sources/FTM.o
 .group         0x00000000        0x8 ./Sources/FTM.o
 .group         0x00000000        0x8 ./Sources/FTM.o
 .group         0x00000000        0x8 ./Sources/FTM.o
 .group         0x00000000        0x8 ./Sources/FTM.o
 .group         0x00000000        0x8 ./Sources/FTM.o
 .group         0x00000000        0x8 ./Sources/FTM.o
 .group         0x00000000        0x8 ./Sources/FTM.o
 .group         0x00000000        0x8 ./Sources/FTM.o
 .text          0x00000000        0x0 ./Sources/FTM.o
 .data          0x00000000        0x0 ./Sources/FTM.o
 .bss           0x00000000        0x0 ./Sources/FTM.o
 .debug_macro   0x00000000      0x850 ./Sources/FTM.o
 .debug_macro   0x00000000       0x16 ./Sources/FTM.o
 .debug_macro   0x00000000       0x44 ./Sources/FTM.o
 .debug_macro   0x00000000      0x209 ./Sources/FTM.o
 .debug_macro   0x00000000       0x22 ./Sources/FTM.o
 .debug_macro   0x00000000      0x142 ./Sources/FTM.o
 .debug_macro   0x00000000       0x36 ./Sources/FTM.o
 .debug_macro   0x00000000    0x174c1 ./Sources/FTM.o
 .debug_macro   0x00000000     0x1800 ./Sources/FTM.o
 .group         0x00000000        0x8 ./Sources/Flash.o
 .group         0x00000000        0x8 ./Sources/Flash.o
 .group         0x00000000        0x8 ./Sources/Flash.o
 .group         0x00000000        0x8 ./Sources/Flash.o
 .group         0x00000000        0x8 ./Sources/Flash.o
 .group         0x00000000        0x8 ./Sources/Flash.o
 .group         0x00000000        0x8 ./Sources/Flash.o
 .group         0x00000000        0x8 ./Sources/Flash.o
 .group         0x00000000        0x8 ./Sources/Flash.o
 .group         0x00000000        0x8 ./Sources/Flash.o
 .group         0x00000000        0x8 ./Sources/Flash.o
 .group         0x00000000        0x8 ./Sources/Flash.o
 .group         0x00000000        0x8 ./Sources/Flash.o
 .group         0x00000000        0x8 ./Sources/Flash.o
 .group         0x00000000        0x8 ./Sources/Flash.o
 .group         0x00000000        0x8 ./Sources/Flash.o
 .group         0x00000000        0x8 ./Sources/Flash.o
 .group         0x00000000        0x8 ./Sources/Flash.o
 .group         0x00000000        0x8 ./Sources/Flash.o
 .group         0x00000000        0x8 ./Sources/Flash.o
 .text          0x00000000        0x0 ./Sources/Flash.o
 .data          0x00000000        0x0 ./Sources/Flash.o
 .bss           0x00000000        0x0 ./Sources/Flash.o
 .text.Flash_Write32
                0x00000000       0x64 ./Sources/Flash.o
 .debug_macro   0x00000000      0x850 ./Sources/Flash.o
 .debug_macro   0x00000000       0x16 ./Sources/Flash.o
 .debug_macro   0x00000000       0x44 ./Sources/Flash.o
 .debug_macro   0x00000000      0x209 ./Sources/Flash.o
 .debug_macro   0x00000000       0x22 ./Sources/Flash.o
 .debug_macro   0x00000000      0x142 ./Sources/Flash.o
 .debug_macro   0x00000000    0x174c1 ./Sources/Flash.o
 .debug_macro   0x00000000       0x36 ./Sources/Flash.o
 .group         0x00000000        0x8 ./Sources/LEDs.o
 .group         0x00000000        0x8 ./Sources/LEDs.o
 .group         0x00000000        0x8 ./Sources/LEDs.o
 .group         0x00000000        0x8 ./Sources/LEDs.o
 .group         0x00000000        0x8 ./Sources/LEDs.o
 .group         0x00000000        0x8 ./Sources/LEDs.o
 .group         0x00000000        0x8 ./Sources/LEDs.o
 .text          0x00000000        0x0 ./Sources/LEDs.o
 .data          0x00000000        0x0 ./Sources/LEDs.o
 .bss           0x00000000        0x0 ./Sources/LEDs.o
 .debug_macro   0x00000000      0x850 ./Sources/LEDs.o
 .debug_macro   0x00000000       0x16 ./Sources/LEDs.o
 .debug_macro   0x00000000       0x44 ./Sources/LEDs.o
 .debug_macro   0x00000000      0x209 ./Sources/LEDs.o
 .debug_macro   0x00000000       0x22 ./Sources/LEDs.o
 .debug_macro   0x00000000      0x142 ./Sources/LEDs.o
 .debug_macro   0x00000000    0x174c1 ./Sources/LEDs.o
 .group         0x00000000        0x8 ./Sources/PIT.o
 .group         0x00000000        0x8 ./Sources/PIT.o
 .group         0x00000000        0x8 ./Sources/PIT.o
 .group         0x00000000        0x8 ./Sources/PIT.o
 .group         0x00000000        0x8 ./Sources/PIT.o
 .group         0x00000000        0x8 ./Sources/PIT.o
 .group         0x00000000        0x8 ./Sources/PIT.o
 .group         0x00000000        0x8 ./Sources/PIT.o
 .group         0x00000000        0x8 ./Sources/PIT.o
 .group         0x00000000        0x8 ./Sources/PIT.o
 .group         0x00000000        0x8 ./Sources/PIT.o
 .text          0x00000000        0x0 ./Sources/PIT.o
 .data          0x00000000        0x0 ./Sources/PIT.o
 .bss           0x00000000        0x0 ./Sources/PIT.o
 .debug_macro   0x00000000      0x850 ./Sources/PIT.o
 .debug_macro   0x00000000       0x16 ./Sources/PIT.o
 .debug_macro   0x00000000       0x44 ./Sources/PIT.o
 .debug_macro   0x00000000      0x209 ./Sources/PIT.o
 .debug_macro   0x00000000       0x22 ./Sources/PIT.o
 .debug_macro   0x00000000      0x142 ./Sources/PIT.o
 .debug_macro   0x00000000    0x174c1 ./Sources/PIT.o
 .debug_macro   0x00000000       0x36 ./Sources/PIT.o
 .debug_macro   0x00000000     0x1800 ./Sources/PIT.o
 .group         0x00000000        0x8 ./Sources/RTC.o
 .group         0x00000000        0x8 ./Sources/RTC.o
 .group         0x00000000        0x8 ./Sources/RTC.o
 .group         0x00000000        0x8 ./Sources/RTC.o
 .group         0x00000000        0x8 ./Sources/RTC.o
 .group         0x00000000        0x8 ./Sources/RTC.o
 .group         0x00000000        0x8 ./Sources/RTC.o
 .group         0x00000000        0x8 ./Sources/RTC.o
 .group         0x00000000        0x8 ./Sources/RTC.o
 .group         0x00000000        0x8 ./Sources/RTC.o
 .text          0x00000000        0x0 ./Sources/RTC.o
 .data          0x00000000        0x0 ./Sources/RTC.o
 .bss           0x00000000        0x0 ./Sources/RTC.o
 .debug_macro   0x00000000      0x850 ./Sources/RTC.o
 .debug_macro   0x00000000       0x16 ./Sources/RTC.o
 .debug_macro   0x00000000       0x44 ./Sources/RTC.o
 .debug_macro   0x00000000      0x209 ./Sources/RTC.o
 .debug_macro   0x00000000       0x22 ./Sources/RTC.o
 .debug_macro   0x00000000      0x142 ./Sources/RTC.o
 .debug_macro   0x00000000    0x174c1 ./Sources/RTC.o
 .debug_macro   0x00000000       0x36 ./Sources/RTC.o
 .debug_macro   0x00000000     0x1800 ./Sources/RTC.o
 .debug_macro   0x00000000       0x34 ./Sources/RTC.o
 .group         0x00000000        0x8 ./Sources/SPI.o
 .group         0x00000000        0x8 ./Sources/SPI.o
 .group         0x00000000        0x8 ./Sources/SPI.o
 .group         0x00000000        0x8 ./Sources/SPI.o
 .group         0x00000000        0x8 ./Sources/SPI.o
 .group         0x00000000        0x8 ./Sources/SPI.o
 .group         0x00000000        0x8 ./Sources/SPI.o
 .group         0x00000000        0x8 ./Sources/SPI.o
 .group         0x00000000        0x8 ./Sources/SPI.o
 .group         0x00000000        0x8 ./Sources/SPI.o
 .group         0x00000000        0x8 ./Sources/SPI.o
 .group         0x00000000        0x8 ./Sources/SPI.o
 .text          0x00000000        0x0 ./Sources/SPI.o
 .data          0x00000000        0x0 ./Sources/SPI.o
 .bss           0x00000000        0x0 ./Sources/SPI.o
 .rodata.DELAY_TIME
                0x00000000        0x4 ./Sources/SPI.o
 .debug_macro   0x00000000      0x850 ./Sources/SPI.o
 .debug_macro   0x00000000       0x16 ./Sources/SPI.o
 .debug_macro   0x00000000       0x44 ./Sources/SPI.o
 .debug_macro   0x00000000      0x209 ./Sources/SPI.o
 .debug_macro   0x00000000       0x22 ./Sources/SPI.o
 .debug_macro   0x00000000      0x142 ./Sources/SPI.o
 .debug_macro   0x00000000       0x16 ./Sources/SPI.o
 .debug_macro   0x00000000    0x174c1 ./Sources/SPI.o
 .debug_macro   0x00000000     0x1800 ./Sources/SPI.o
 .debug_macro   0x00000000      0x14e ./Sources/SPI.o
 .debug_macro   0x00000000       0x64 ./Sources/SPI.o
 .debug_macro   0x00000000       0x9a ./Sources/SPI.o
 .group         0x00000000        0x8 ./Sources/UART.o
 .group         0x00000000        0x8 ./Sources/UART.o
 .group         0x00000000        0x8 ./Sources/UART.o
 .group         0x00000000        0x8 ./Sources/UART.o
 .group         0x00000000        0x8 ./Sources/UART.o
 .group         0x00000000        0x8 ./Sources/UART.o
 .group         0x00000000        0x8 ./Sources/UART.o
 .group         0x00000000        0x8 ./Sources/UART.o
 .group         0x00000000        0x8 ./Sources/UART.o
 .group         0x00000000        0x8 ./Sources/UART.o
 .group         0x00000000        0x8 ./Sources/UART.o
 .group         0x00000000        0x8 ./Sources/UART.o
 .text          0x00000000        0x0 ./Sources/UART.o
 .data          0x00000000        0x0 ./Sources/UART.o
 .bss           0x00000000        0x0 ./Sources/UART.o
 .debug_macro   0x00000000      0x850 ./Sources/UART.o
 .debug_macro   0x00000000       0x16 ./Sources/UART.o
 .debug_macro   0x00000000       0x44 ./Sources/UART.o
 .debug_macro   0x00000000      0x209 ./Sources/UART.o
 .debug_macro   0x00000000       0x22 ./Sources/UART.o
 .debug_macro   0x00000000      0x142 ./Sources/UART.o
 .debug_macro   0x00000000    0x174c1 ./Sources/UART.o
 .debug_macro   0x00000000       0x36 ./Sources/UART.o
 .debug_macro   0x00000000     0x1800 ./Sources/UART.o
 .debug_macro   0x00000000      0x14e ./Sources/UART.o
 .debug_macro   0x00000000       0x64 ./Sources/UART.o
 .debug_macro   0x00000000       0x9a ./Sources/UART.o
 .group         0x00000000        0x8 ./Sources/analog.o
 .group         0x00000000        0x8 ./Sources/analog.o
 .group         0x00000000        0x8 ./Sources/analog.o
 .group         0x00000000        0x8 ./Sources/analog.o
 .group         0x00000000        0x8 ./Sources/analog.o
 .group         0x00000000        0x8 ./Sources/analog.o
 .group         0x00000000        0x8 ./Sources/analog.o
 .group         0x00000000        0x8 ./Sources/analog.o
 .group         0x00000000        0x8 ./Sources/analog.o
 .group         0x00000000        0x8 ./Sources/analog.o
 .group         0x00000000        0x8 ./Sources/analog.o
 .group         0x00000000        0x8 ./Sources/analog.o
 .group         0x00000000        0x8 ./Sources/analog.o
 .text          0x00000000        0x0 ./Sources/analog.o
 .data          0x00000000        0x0 ./Sources/analog.o
 .bss           0x00000000        0x0 ./Sources/analog.o
 .debug_macro   0x00000000      0x850 ./Sources/analog.o
 .debug_macro   0x00000000       0x16 ./Sources/analog.o
 .debug_macro   0x00000000       0x44 ./Sources/analog.o
 .debug_macro   0x00000000      0x209 ./Sources/analog.o
 .debug_macro   0x00000000       0x22 ./Sources/analog.o
 .debug_macro   0x00000000      0x142 ./Sources/analog.o
 .debug_macro   0x00000000    0x174c1 ./Sources/analog.o
 .debug_macro   0x00000000     0x1800 ./Sources/analog.o
 .debug_macro   0x00000000      0x14e ./Sources/analog.o
 .debug_macro   0x00000000       0x64 ./Sources/analog.o
 .debug_macro   0x00000000       0x9a ./Sources/analog.o
 .debug_macro   0x00000000       0x36 ./Sources/analog.o
 .group         0x00000000        0x8 ./Sources/main.o
 .group         0x00000000        0x8 ./Sources/main.o
 .group         0x00000000        0x8 ./Sources/main.o
 .group         0x00000000        0x8 ./Sources/main.o
 .group         0x00000000        0x8 ./Sources/main.o
 .group         0x00000000        0x8 ./Sources/main.o
 .group         0x00000000        0x8 ./Sources/main.o
 .group         0x00000000        0x8 ./Sources/main.o
 .group         0x00000000        0x8 ./Sources/main.o
 .group         0x00000000        0x8 ./Sources/main.o
 .group         0x00000000        0x8 ./Sources/main.o
 .group         0x00000000        0x8 ./Sources/main.o
 .group         0x00000000        0x8 ./Sources/main.o
 .group         0x00000000        0x8 ./Sources/main.o
 .group         0x00000000        0x8 ./Sources/main.o
 .text          0x00000000        0x0 ./Sources/main.o
 .data          0x00000000        0x0 ./Sources/main.o
 .bss           0x00000000        0x0 ./Sources/main.o
 .debug_macro   0x00000000      0x850 ./Sources/main.o
 .debug_macro   0x00000000       0x16 ./Sources/main.o
 .debug_macro   0x00000000       0x44 ./Sources/main.o
 .debug_macro   0x00000000      0x209 ./Sources/main.o
 .debug_macro   0x00000000     0x17fa ./Sources/main.o
 .debug_macro   0x00000000      0x14e ./Sources/main.o
 .debug_macro   0x00000000       0x64 ./Sources/main.o
 .debug_macro   0x00000000    0x174c1 ./Sources/main.o
 .debug_macro   0x00000000       0x9a ./Sources/main.o
 .debug_macro   0x00000000       0x22 ./Sources/main.o
 .debug_macro   0x00000000      0x142 ./Sources/main.o
 .debug_macro   0x00000000       0x34 ./Sources/main.o
 .debug_macro   0x00000000       0x16 ./Sources/main.o
 .group         0x00000000        0x8 ./Sources/median.o
 .group         0x00000000        0x8 ./Sources/median.o
 .group         0x00000000        0x8 ./Sources/median.o
 .group         0x00000000        0x8 ./Sources/median.o
 .group         0x00000000        0x8 ./Sources/median.o
 .group         0x00000000        0x8 ./Sources/median.o
 .group         0x00000000        0x8 ./Sources/median.o
 .text          0x00000000        0x0 ./Sources/median.o
 .data          0x00000000        0x0 ./Sources/median.o
 .bss           0x00000000        0x0 ./Sources/median.o
 .debug_macro   0x00000000      0x850 ./Sources/median.o
 .debug_macro   0x00000000       0x16 ./Sources/median.o
 .debug_macro   0x00000000       0x44 ./Sources/median.o
 .debug_macro   0x00000000      0x209 ./Sources/median.o
 .debug_macro   0x00000000       0x22 ./Sources/median.o
 .debug_macro   0x00000000      0x142 ./Sources/median.o
 .debug_macro   0x00000000       0x36 ./Sources/median.o
 .group         0x00000000        0x8 ./Sources/packet.o
 .group         0x00000000        0x8 ./Sources/packet.o
 .group         0x00000000        0x8 ./Sources/packet.o
 .group         0x00000000        0x8 ./Sources/packet.o
 .group         0x00000000        0x8 ./Sources/packet.o
 .group         0x00000000        0x8 ./Sources/packet.o
 .group         0x00000000        0x8 ./Sources/packet.o
 .group         0x00000000        0x8 ./Sources/packet.o
 .group         0x00000000        0x8 ./Sources/packet.o
 .group         0x00000000        0x8 ./Sources/packet.o
 .group         0x00000000        0x8 ./Sources/packet.o
 .group         0x00000000        0x8 ./Sources/packet.o
 .group         0x00000000        0x8 ./Sources/packet.o
 .text          0x00000000        0x0 ./Sources/packet.o
 .data          0x00000000        0x0 ./Sources/packet.o
 .bss           0x00000000        0x0 ./Sources/packet.o
 .debug_macro   0x00000000      0x850 ./Sources/packet.o
 .debug_macro   0x00000000       0x16 ./Sources/packet.o
 .debug_macro   0x00000000       0x44 ./Sources/packet.o
 .debug_macro   0x00000000      0x209 ./Sources/packet.o
 .debug_macro   0x00000000       0x22 ./Sources/packet.o
 .debug_macro   0x00000000      0x142 ./Sources/packet.o
 .debug_macro   0x00000000    0x174c1 ./Sources/packet.o
 .debug_macro   0x00000000       0x36 ./Sources/packet.o
 .debug_macro   0x00000000       0x34 ./Sources/packet.o
 .debug_macro   0x00000000     0x1800 ./Sources/packet.o
 .debug_macro   0x00000000      0x14e ./Sources/packet.o
 .debug_macro   0x00000000       0x64 ./Sources/packet.o
 .debug_macro   0x00000000       0x9a ./Sources/packet.o
 .group         0x00000000        0x8 ./Project_Settings/Startup_Code/startup.o
 .group         0x00000000        0x8 ./Project_Settings/Startup_Code/startup.o
 .group         0x00000000        0x8 ./Project_Settings/Startup_Code/startup.o
 .group         0x00000000        0x8 ./Project_Settings/Startup_Code/startup.o
 .group         0x00000000        0x8 ./Project_Settings/Startup_Code/startup.o
 .group         0x00000000        0x8 ./Project_Settings/Startup_Code/startup.o
 .group         0x00000000        0x8 ./Project_Settings/Startup_Code/startup.o
 .group         0x00000000        0x8 ./Project_Settings/Startup_Code/startup.o
 .group         0x00000000        0x8 ./Project_Settings/Startup_Code/startup.o
 .group         0x00000000        0x8 ./Project_Settings/Startup_Code/startup.o
 .group         0x00000000        0x8 ./Project_Settings/Startup_Code/startup.o
 .group         0x00000000        0x8 ./Project_Settings/Startup_Code/startup.o
 .group         0x00000000        0x8 ./Project_Settings/Startup_Code/startup.o
 .group         0x00000000        0x8 ./Project_Settings/Startup_Code/startup.o
 .group         0x00000000        0x8 ./Project_Settings/Startup_Code/startup.o
 .group         0x00000000        0x8 ./Project_Settings/Startup_Code/startup.o
 .group         0x00000000        0x8 ./Project_Settings/Startup_Code/startup.o
 .group         0x00000000        0x8 ./Project_Settings/Startup_Code/startup.o
 .group         0x00000000        0x8 ./Project_Settings/Startup_Code/startup.o
 .text          0x00000000        0x0 ./Project_Settings/Startup_Code/startup.o
 .data          0x00000000        0x0 ./Project_Settings/Startup_Code/startup.o
 .bss           0x00000000        0x0 ./Project_Settings/Startup_Code/startup.o
 .text.__init_hardware
                0x00000000        0xc ./Project_Settings/Startup_Code/startup.o
 .text.__iar_program_start
                0x00000000        0xc ./Project_Settings/Startup_Code/startup.o
 .debug_macro   0x00000000      0x850 ./Project_Settings/Startup_Code/startup.o
 .debug_macro   0x00000000       0x58 ./Project_Settings/Startup_Code/startup.o
 .debug_macro   0x00000000       0x16 ./Project_Settings/Startup_Code/startup.o
 .debug_macro   0x00000000       0x35 ./Project_Settings/Startup_Code/startup.o
 .debug_macro   0x00000000       0xa3 ./Project_Settings/Startup_Code/startup.o
 .debug_macro   0x00000000      0x166 ./Project_Settings/Startup_Code/startup.o
 .debug_macro   0x00000000       0x52 ./Project_Settings/Startup_Code/startup.o
 .debug_macro   0x00000000       0x16 ./Project_Settings/Startup_Code/startup.o
 .debug_macro   0x00000000       0x43 ./Project_Settings/Startup_Code/startup.o
 .debug_macro   0x00000000      0x180 ./Project_Settings/Startup_Code/startup.o
 .debug_macro   0x00000000      0x2a6 ./Project_Settings/Startup_Code/startup.o
 .debug_macro   0x00000000       0x10 ./Project_Settings/Startup_Code/startup.o
 .debug_macro   0x00000000       0x35 ./Project_Settings/Startup_Code/startup.o
 .group         0x00000000        0x8 ./Generated_Code/Cpu.o
 .group         0x00000000        0x8 ./Generated_Code/Cpu.o
 .group         0x00000000        0x8 ./Generated_Code/Cpu.o
 .group         0x00000000        0x8 ./Generated_Code/Cpu.o
 .group         0x00000000        0x8 ./Generated_Code/Cpu.o
 .group         0x00000000        0x8 ./Generated_Code/Cpu.o
 .group         0x00000000        0x8 ./Generated_Code/Cpu.o
 .group         0x00000000        0x8 ./Generated_Code/Cpu.o
 .group         0x00000000        0x8 ./Generated_Code/Cpu.o
 .text          0x00000000        0x0 ./Generated_Code/Cpu.o
 .data          0x00000000        0x0 ./Generated_Code/Cpu.o
 .bss           0x00000000        0x0 ./Generated_Code/Cpu.o
 .debug_macro   0x00000000      0x850 ./Generated_Code/Cpu.o
 .debug_macro   0x00000000       0x16 ./Generated_Code/Cpu.o
 .debug_macro   0x00000000       0x44 ./Generated_Code/Cpu.o
 .debug_macro   0x00000000      0x209 ./Generated_Code/Cpu.o
 .debug_macro   0x00000000     0x17fa ./Generated_Code/Cpu.o
 .debug_macro   0x00000000      0x14e ./Generated_Code/Cpu.o
 .debug_macro   0x00000000       0x64 ./Generated_Code/Cpu.o
 .debug_macro   0x00000000    0x174c1 ./Generated_Code/Cpu.o
 .group         0x00000000        0x8 ./Generated_Code/PE_LDD.o
 .group         0x00000000        0x8 ./Generated_Code/PE_LDD.o
 .group         0x00000000        0x8 ./Generated_Code/PE_LDD.o
 .group         0x00000000        0x8 ./Generated_Code/PE_LDD.o
 .group         0x00000000        0x8 ./Generated_Code/PE_LDD.o
 .group         0x00000000        0x8 ./Generated_Code/PE_LDD.o
 .group         0x00000000        0x8 ./Generated_Code/PE_LDD.o
 .group         0x00000000        0x8 ./Generated_Code/PE_LDD.o
 .group         0x00000000        0x8 ./Generated_Code/PE_LDD.o
 .text          0x00000000        0x0 ./Generated_Code/PE_LDD.o
 .data          0x00000000        0x0 ./Generated_Code/PE_LDD.o
 .bss           0x00000000        0x0 ./Generated_Code/PE_LDD.o
 .rodata.PE_CpuClockConfigurations
                0x00000000       0x28 ./Generated_Code/PE_LDD.o
 .text.PE_FillMemory
                0x00000000       0x24 ./Generated_Code/PE_LDD.o
 .text.PE_PeripheralUsed
                0x00000000       0x18 ./Generated_Code/PE_LDD.o
 .text.LDD_SetClockConfiguration
                0x00000000       0x14 ./Generated_Code/PE_LDD.o
 .debug_info    0x00000000      0x215 ./Generated_Code/PE_LDD.o
 .debug_abbrev  0x00000000       0xf3 ./Generated_Code/PE_LDD.o
 .debug_aranges
                0x00000000       0x30 ./Generated_Code/PE_LDD.o
 .debug_ranges  0x00000000       0x20 ./Generated_Code/PE_LDD.o
 .debug_macro   0x00000000       0x8f ./Generated_Code/PE_LDD.o
 .debug_macro   0x00000000      0x850 ./Generated_Code/PE_LDD.o
 .debug_macro   0x00000000       0x16 ./Generated_Code/PE_LDD.o
 .debug_macro   0x00000000       0x44 ./Generated_Code/PE_LDD.o
 .debug_macro   0x00000000      0x209 ./Generated_Code/PE_LDD.o
 .debug_macro   0x00000000     0x17fa ./Generated_Code/PE_LDD.o
 .debug_macro   0x00000000      0x14e ./Generated_Code/PE_LDD.o
 .debug_macro   0x00000000       0x64 ./Generated_Code/PE_LDD.o
 .debug_macro   0x00000000    0x174c1 ./Generated_Code/PE_LDD.o
 .debug_macro   0x00000000       0x9a ./Generated_Code/PE_LDD.o
 .debug_line    0x00000000      0x250 ./Generated_Code/PE_LDD.o
 .debug_str     0x00000000    0x8a77c ./Generated_Code/PE_LDD.o
 .comment       0x00000000       0x71 ./Generated_Code/PE_LDD.o
 .ARM.attributes
                0x00000000       0x39 ./Generated_Code/PE_LDD.o
 .debug_frame   0x00000000       0x64 ./Generated_Code/PE_LDD.o
 .group         0x00000000        0x8 ./Generated_Code/Vectors.o
 .group         0x00000000        0x8 ./Generated_Code/Vectors.o
 .group         0x00000000        0x8 ./Generated_Code/Vectors.o
 .group         0x00000000        0x8 ./Generated_Code/Vectors.o
 .group         0x00000000        0x8 ./Generated_Code/Vectors.o
 .group         0x00000000        0x8 ./Generated_Code/Vectors.o
 .group         0x00000000        0x8 ./Generated_Code/Vectors.o
 .group         0x00000000        0x8 ./Generated_Code/Vectors.o
 .group         0x00000000        0x8 ./Generated_Code/Vectors.o
 .group         0x00000000        0x8 ./Generated_Code/Vectors.o
 .group         0x00000000        0x8 ./Generated_Code/Vectors.o
 .text          0x00000000        0x0 ./Generated_Code/Vectors.o
 .data          0x00000000        0x0 ./Generated_Code/Vectors.o
 .bss           0x00000000        0x0 ./Generated_Code/Vectors.o
 .debug_macro   0x00000000      0x850 ./Generated_Code/Vectors.o
 .debug_macro   0x00000000       0x16 ./Generated_Code/Vectors.o
 .debug_macro   0x00000000       0x44 ./Generated_Code/Vectors.o
 .debug_macro   0x00000000      0x209 ./Generated_Code/Vectors.o
 .debug_macro   0x00000000     0x17fa ./Generated_Code/Vectors.o
 .debug_macro   0x00000000      0x14e ./Generated_Code/Vectors.o
 .debug_macro   0x00000000       0x64 ./Generated_Code/Vectors.o
 .debug_macro   0x00000000    0x174c1 ./Generated_Code/Vectors.o
 .debug_macro   0x00000000       0x9a ./Generated_Code/Vectors.o
 .debug_macro   0x00000000       0x22 ./Generated_Code/Vectors.o
 .debug_macro   0x00000000       0x36 ./Generated_Code/Vectors.o
 .group         0x00000000        0x8 C:\Users\12545479\git\04\Library\libLab3.a(FIFO.o)
 .group         0x00000000        0x8 C:\Users\12545479\git\04\Library\libLab3.a(FIFO.o)
 .group         0x00000000        0x8 C:\Users\12545479\git\04\Library\libLab3.a(FIFO.o)
 .group         0x00000000        0x8 C:\Users\12545479\git\04\Library\libLab3.a(FIFO.o)
 .group         0x00000000        0x8 C:\Users\12545479\git\04\Library\libLab3.a(FIFO.o)
 .group         0x00000000        0x8 C:\Users\12545479\git\04\Library\libLab3.a(FIFO.o)
 .group         0x00000000        0x8 C:\Users\12545479\git\04\Library\libLab3.a(FIFO.o)
 .group         0x00000000        0x8 C:\Users\12545479\git\04\Library\libLab3.a(FIFO.o)
 .group         0x00000000        0x8 C:\Users\12545479\git\04\Library\libLab3.a(FIFO.o)
 .group         0x00000000        0x8 C:\Users\12545479\git\04\Library\libLab3.a(FIFO.o)
 .text          0x00000000        0x0 C:\Users\12545479\git\04\Library\libLab3.a(FIFO.o)
 .data          0x00000000        0x0 C:\Users\12545479\git\04\Library\libLab3.a(FIFO.o)
 .bss           0x00000000        0x0 C:\Users\12545479\git\04\Library\libLab3.a(FIFO.o)
 .debug_macro   0x00000000      0x850 C:\Users\12545479\git\04\Library\libLab3.a(FIFO.o)
 .debug_macro   0x00000000       0x16 C:\Users\12545479\git\04\Library\libLab3.a(FIFO.o)
 .debug_macro   0x00000000       0x44 C:\Users\12545479\git\04\Library\libLab3.a(FIFO.o)
 .debug_macro   0x00000000      0x209 C:\Users\12545479\git\04\Library\libLab3.a(FIFO.o)
 .debug_macro   0x00000000       0x22 C:\Users\12545479\git\04\Library\libLab3.a(FIFO.o)
 .debug_macro   0x00000000     0x1800 C:\Users\12545479\git\04\Library\libLab3.a(FIFO.o)
 .debug_macro   0x00000000      0x14e C:\Users\12545479\git\04\Library\libLab3.a(FIFO.o)
 .debug_macro   0x00000000       0x64 C:\Users\12545479\git\04\Library\libLab3.a(FIFO.o)
 .debug_macro   0x00000000    0x174c1 C:\Users\12545479\git\04\Library\libLab3.a(FIFO.o)
 .group         0x00000000        0x8 C:\Users\12545479\git\04\Library\libOS.a(OS.o)
 .group         0x00000000        0x8 C:\Users\12545479\git\04\Library\libOS.a(OS.o)
 .group         0x00000000        0x8 C:\Users\12545479\git\04\Library\libOS.a(OS.o)
 .group         0x00000000        0x8 C:\Users\12545479\git\04\Library\libOS.a(OS.o)
 .group         0x00000000        0x8 C:\Users\12545479\git\04\Library\libOS.a(OS.o)
 .group         0x00000000        0x8 C:\Users\12545479\git\04\Library\libOS.a(OS.o)
 .group         0x00000000        0x8 C:\Users\12545479\git\04\Library\libOS.a(OS.o)
 .group         0x00000000        0x8 C:\Users\12545479\git\04\Library\libOS.a(OS.o)
 .group         0x00000000        0x8 C:\Users\12545479\git\04\Library\libOS.a(OS.o)
 .group         0x00000000        0x8 C:\Users\12545479\git\04\Library\libOS.a(OS.o)
 .group         0x00000000        0x8 C:\Users\12545479\git\04\Library\libOS.a(OS.o)
 .text          0x00000000        0x0 C:\Users\12545479\git\04\Library\libOS.a(OS.o)
 .data          0x00000000        0x0 C:\Users\12545479\git\04\Library\libOS.a(OS.o)
 .bss           0x00000000        0x0 C:\Users\12545479\git\04\Library\libOS.a(OS.o)
 .rodata.OS_TICK_FREQUENCY
                0x00000000        0x4 C:\Users\12545479\git\04\Library\libOS.a(OS.o)
 .text.OS_TimeDelay
                0x00000000       0x48 C:\Users\12545479\git\04\Library\libOS.a(OS.o)
 .text.OS_TimeGet
                0x00000000       0x24 C:\Users\12545479\git\04\Library\libOS.a(OS.o)
 .text.OS_TimeSet
                0x00000000       0x20 C:\Users\12545479\git\04\Library\libOS.a(OS.o)
 .debug_macro   0x00000000      0x850 C:\Users\12545479\git\04\Library\libOS.a(OS.o)
 .debug_macro   0x00000000       0x16 C:\Users\12545479\git\04\Library\libOS.a(OS.o)
 .debug_macro   0x00000000       0x44 C:\Users\12545479\git\04\Library\libOS.a(OS.o)
 .debug_macro   0x00000000      0x209 C:\Users\12545479\git\04\Library\libOS.a(OS.o)
 .debug_macro   0x00000000     0x17fa C:\Users\12545479\git\04\Library\libOS.a(OS.o)
 .debug_macro   0x00000000      0x14e C:\Users\12545479\git\04\Library\libOS.a(OS.o)
 .debug_macro   0x00000000       0x64 C:\Users\12545479\git\04\Library\libOS.a(OS.o)
 .debug_macro   0x00000000    0x174c1 C:\Users\12545479\git\04\Library\libOS.a(OS.o)
 .debug_macro   0x00000000       0x22 C:\Users\12545479\git\04\Library\libOS.a(OS.o)
 .debug_macro   0x00000000       0x30 C:\Users\12545479\git\04\Library\libOS.a(OS.o)
 .data          0x00000000        0x0 c:/software/freescale/kds_3.0.0/toolchain/bin/../lib/gcc/arm-none-eabi/4.8.4/armv7e-m/fpu\libgcc.a(_arm_addsubdf3.o)
 .bss           0x00000000        0x0 c:/software/freescale/kds_3.0.0/toolchain/bin/../lib/gcc/arm-none-eabi/4.8.4/armv7e-m/fpu\libgcc.a(_arm_addsubdf3.o)
 .data          0x00000000        0x0 c:/software/freescale/kds_3.0.0/toolchain/bin/../lib/gcc/arm-none-eabi/4.8.4/armv7e-m/fpu\libgcc.a(_arm_muldivdf3.o)
 .bss           0x00000000        0x0 c:/software/freescale/kds_3.0.0/toolchain/bin/../lib/gcc/arm-none-eabi/4.8.4/armv7e-m/fpu\libgcc.a(_arm_muldivdf3.o)
 .data          0x00000000        0x0 c:/software/freescale/kds_3.0.0/toolchain/bin/../lib/gcc/arm-none-eabi/4.8.4/armv7e-m/fpu\libgcc.a(_arm_fixunsdfsi.o)
 .bss           0x00000000        0x0 c:/software/freescale/kds_3.0.0/toolchain/bin/../lib/gcc/arm-none-eabi/4.8.4/armv7e-m/fpu\libgcc.a(_arm_fixunsdfsi.o)
 .text          0x00000000        0x0 c:/software/freescale/kds_3.0.0/toolchain/bin/../lib/gcc/arm-none-eabi/4.8.4/../../../../arm-none-eabi/lib/armv7e-m/fpu\libg_s.a(lib_a-exit.o)
 .data          0x00000000        0x0 c:/software/freescale/kds_3.0.0/toolchain/bin/../lib/gcc/arm-none-eabi/4.8.4/../../../../arm-none-eabi/lib/armv7e-m/fpu\libg_s.a(lib_a-exit.o)
 .bss           0x00000000        0x0 c:/software/freescale/kds_3.0.0/toolchain/bin/../lib/gcc/arm-none-eabi/4.8.4/../../../../arm-none-eabi/lib/armv7e-m/fpu\libg_s.a(lib_a-exit.o)
 .text          0x00000000        0x0 c:/software/freescale/kds_3.0.0/toolchain/bin/../lib/gcc/arm-none-eabi/4.8.4/../../../../arm-none-eabi/lib/armv7e-m/fpu\libg_s.a(lib_a-impure.o)
 .data          0x00000000        0x0 c:/software/freescale/kds_3.0.0/toolchain/bin/../lib/gcc/arm-none-eabi/4.8.4/../../../../arm-none-eabi/lib/armv7e-m/fpu\libg_s.a(lib_a-impure.o)
 .bss           0x00000000        0x0 c:/software/freescale/kds_3.0.0/toolchain/bin/../lib/gcc/arm-none-eabi/4.8.4/../../../../arm-none-eabi/lib/armv7e-m/fpu\libg_s.a(lib_a-impure.o)
 .data._impure_ptr
                0x00000000        0x4 c:/software/freescale/kds_3.0.0/toolchain/bin/../lib/gcc/arm-none-eabi/4.8.4/../../../../arm-none-eabi/lib/armv7e-m/fpu\libg_s.a(lib_a-impure.o)
 .text          0x00000000        0x0 c:/software/freescale/kds_3.0.0/toolchain/bin/../lib/gcc/arm-none-eabi/4.8.4/../../../../arm-none-eabi/lib/armv7e-m/fpu\libg_s.a(lib_a-init.o)
 .data          0x00000000        0x0 c:/software/freescale/kds_3.0.0/toolchain/bin/../lib/gcc/arm-none-eabi/4.8.4/../../../../arm-none-eabi/lib/armv7e-m/fpu\libg_s.a(lib_a-init.o)
 .bss           0x00000000        0x0 c:/software/freescale/kds_3.0.0/toolchain/bin/../lib/gcc/arm-none-eabi/4.8.4/../../../../arm-none-eabi/lib/armv7e-m/fpu\libg_s.a(lib_a-init.o)
 .text          0x00000000        0x0 c:/software/freescale/kds_3.0.0/toolchain/bin/../lib/gcc/arm-none-eabi/4.8.4/../../../../arm-none-eabi/lib/armv7e-m/fpu\libg_s.a(lib_a-memset.o)
 .data          0x00000000        0x0 c:/software/freescale/kds_3.0.0/toolchain/bin/../lib/gcc/arm-none-eabi/4.8.4/../../../../arm-none-eabi/lib/armv7e-m/fpu\libg_s.a(lib_a-memset.o)
 .bss           0x00000000        0x0 c:/software/freescale/kds_3.0.0/toolchain/bin/../lib/gcc/arm-none-eabi/4.8.4/../../../../arm-none-eabi/lib/armv7e-m/fpu\libg_s.a(lib_a-memset.o)
 .text          0x00000000        0x0 c:/software/freescale/kds_3.0.0/toolchain/bin/../lib/gcc/arm-none-eabi/4.8.4/../../../../arm-none-eabi/lib/armv7e-m/fpu\libnosys.a(_exit.o)
 .data          0x00000000        0x0 c:/software/freescale/kds_3.0.0/toolchain/bin/../lib/gcc/arm-none-eabi/4.8.4/../../../../arm-none-eabi/lib/armv7e-m/fpu\libnosys.a(_exit.o)
 .bss           0x00000000        0x0 c:/software/freescale/kds_3.0.0/toolchain/bin/../lib/gcc/arm-none-eabi/4.8.4/../../../../arm-none-eabi/lib/armv7e-m/fpu\libnosys.a(_exit.o)
 .text          0x00000000        0x0 c:/software/freescale/kds_3.0.0/toolchain/bin/../lib/gcc/arm-none-eabi/4.8.4/armv7e-m/fpu/crtend.o
 .data          0x00000000        0x0 c:/software/freescale/kds_3.0.0/toolchain/bin/../lib/gcc/arm-none-eabi/4.8.4/armv7e-m/fpu/crtend.o
 .bss           0x00000000        0x0 c:/software/freescale/kds_3.0.0/toolchain/bin/../lib/gcc/arm-none-eabi/4.8.4/armv7e-m/fpu/crtend.o
 .eh_frame      0x00000000        0x4 c:/software/freescale/kds_3.0.0/toolchain/bin/../lib/gcc/arm-none-eabi/4.8.4/armv7e-m/fpu/crtend.o
 .jcr           0x00000000        0x4 c:/software/freescale/kds_3.0.0/toolchain/bin/../lib/gcc/arm-none-eabi/4.8.4/armv7e-m/fpu/crtend.o
 .ARM.attributes
                0x00000000       0x34 c:/software/freescale/kds_3.0.0/toolchain/bin/../lib/gcc/arm-none-eabi/4.8.4/armv7e-m/fpu/crtend.o
 .text          0x00000000        0x0 c:/software/freescale/kds_3.0.0/toolchain/bin/../lib/gcc/arm-none-eabi/4.8.4/armv7e-m/fpu/crtn.o
 .data          0x00000000        0x0 c:/software/freescale/kds_3.0.0/toolchain/bin/../lib/gcc/arm-none-eabi/4.8.4/armv7e-m/fpu/crtn.o
 .bss           0x00000000        0x0 c:/software/freescale/kds_3.0.0/toolchain/bin/../lib/gcc/arm-none-eabi/4.8.4/armv7e-m/fpu/crtn.o

Memory Configuration

Name             Origin             Length             Attributes
m_interrupts     0x00000000         0x000001e8         xr
m_text           0x00000410         0x0007fbf0         xr
m_data           0x1fff0000         0x00010000         rw
m_data_20000000  0x20000000         0x00010000         rw
m_cfmprotrom     0x00000400         0x00000010         xr
*default*        0x00000000         0xffffffff

Linker script and memory map

LOAD c:/software/freescale/kds_3.0.0/toolchain/bin/../lib/gcc/arm-none-eabi/4.8.4/armv7e-m/fpu/crti.o
LOAD c:/software/freescale/kds_3.0.0/toolchain/bin/../lib/gcc/arm-none-eabi/4.8.4/armv7e-m/fpu/crtbegin.o
LOAD c:/software/freescale/kds_3.0.0/toolchain/bin/../lib/gcc/arm-none-eabi/4.8.4/../../../../arm-none-eabi/lib/armv7e-m/fpu/crt0.o
LOAD ./Sources/Events.o
LOAD ./Sources/FIFO.o
LOAD ./Sources/FTM.o
LOAD ./Sources/Flash.o
LOAD ./Sources/LEDs.o
LOAD ./Sources/PIT.o
LOAD ./Sources/RTC.o
LOAD ./Sources/SPI.o
LOAD ./Sources/UART.o
LOAD ./Sources/analog.o
LOAD ./Sources/main.o
LOAD ./Sources/median.o
LOAD ./Sources/packet.o
LOAD ./Project_Settings/Startup_Code/startup.o
LOAD ./Generated_Code/Cpu.o
LOAD ./Generated_Code/PE_LDD.o
LOAD ./Generated_Code/Vectors.o
LOAD C:\Users\12545479\git\04\Library\libLab3.a
LOAD C:\Users\12545479\git\04\Library\libOS.a
LOAD c:/software/freescale/kds_3.0.0/toolchain/bin/../lib/gcc/arm-none-eabi/4.8.4/../../../../arm-none-eabi/lib/armv7e-m/fpu\libstdc++_s.a
LOAD c:/software/freescale/kds_3.0.0/toolchain/bin/../lib/gcc/arm-none-eabi/4.8.4/../../../../arm-none-eabi/lib/armv7e-m/fpu\libm.a
START GROUP
LOAD c:/software/freescale/kds_3.0.0/toolchain/bin/../lib/gcc/arm-none-eabi/4.8.4/armv7e-m/fpu\libgcc.a
LOAD c:/software/freescale/kds_3.0.0/toolchain/bin/../lib/gcc/arm-none-eabi/4.8.4/../../../../arm-none-eabi/lib/armv7e-m/fpu\libg_s.a
LOAD c:/software/freescale/kds_3.0.0/toolchain/bin/../lib/gcc/arm-none-eabi/4.8.4/../../../../arm-none-eabi/lib/armv7e-m/fpu\libc_s.a
END GROUP
START GROUP
LOAD c:/software/freescale/kds_3.0.0/toolchain/bin/../lib/gcc/arm-none-eabi/4.8.4/armv7e-m/fpu\libgcc.a
LOAD c:/software/freescale/kds_3.0.0/toolchain/bin/../lib/gcc/arm-none-eabi/4.8.4/../../../../arm-none-eabi/lib/armv7e-m/fpu\libc_s.a
LOAD c:/software/freescale/kds_3.0.0/toolchain/bin/../lib/gcc/arm-none-eabi/4.8.4/../../../../arm-none-eabi/lib/armv7e-m/fpu\libnosys.a
END GROUP
START GROUP
LOAD c:/software/freescale/kds_3.0.0/toolchain/bin/../lib/gcc/arm-none-eabi/4.8.4/armv7e-m/fpu\libgcc.a
LOAD c:/software/freescale/kds_3.0.0/toolchain/bin/../lib/gcc/arm-none-eabi/4.8.4/../../../../arm-none-eabi/lib/armv7e-m/fpu\libc_s.a
LOAD c:/software/freescale/kds_3.0.0/toolchain/bin/../lib/gcc/arm-none-eabi/4.8.4/../../../../arm-none-eabi/lib/armv7e-m/fpu\libnosys.a
END GROUP
LOAD c:/software/freescale/kds_3.0.0/toolchain/bin/../lib/gcc/arm-none-eabi/4.8.4/armv7e-m/fpu/crtend.o
LOAD c:/software/freescale/kds_3.0.0/toolchain/bin/../lib/gcc/arm-none-eabi/4.8.4/armv7e-m/fpu/crtn.o
                0x20000000                _estack = 0x20000000
                0x20000000                __SP_INIT = _estack
                0x20000000                __stack = _estack
                0x00000000                __heap_size = 0x0
                0x00000400                __stack_size = 0x400

.interrupts     0x00000000      0x1e8
                0x00000000                __vector_table = .
                0x00000000                . = ALIGN (0x4)
 *(.vectortable)
 .vectortable   0x00000000      0x1e8 ./Generated_Code/Vectors.o
                0x00000000                __vect_table
                0x000001e8                . = ALIGN (0x4)

.cfmprotect     0x00000400       0x10
                0x00000400                . = ALIGN (0x4)
 *(.cfmconfig)
 .cfmconfig     0x00000400       0x10 ./Generated_Code/Cpu.o
                0x00000400                _cfm
                0x00000410                . = ALIGN (0x4)

.text           0x00000410     0x3c20
                0x00000410                . = ALIGN (0x4)
 *(.text)
 .text          0x00000410       0x54 c:/software/freescale/kds_3.0.0/toolchain/bin/../lib/gcc/arm-none-eabi/4.8.4/armv7e-m/fpu/crtbegin.o
 .text          0x00000464       0x74 c:/software/freescale/kds_3.0.0/toolchain/bin/../lib/gcc/arm-none-eabi/4.8.4/../../../../arm-none-eabi/lib/armv7e-m/fpu/crt0.o
                0x00000464                _start
                0x00000464                _mainCRTStartup
 .text          0x000004d8      0x370 c:/software/freescale/kds_3.0.0/toolchain/bin/../lib/gcc/arm-none-eabi/4.8.4/armv7e-m/fpu\libgcc.a(_arm_addsubdf3.o)
                0x000004d8                __aeabi_drsub
                0x000004e0                __aeabi_dsub
                0x000004e0                __subdf3
                0x000004e4                __aeabi_dadd
                0x000004e4                __adddf3
                0x0000075c                __floatunsidf
                0x0000075c                __aeabi_ui2d
                0x0000077c                __floatsidf
                0x0000077c                __aeabi_i2d
                0x000007a0                __aeabi_f2d
                0x000007a0                __extendsfdf2
                0x000007dc                __floatundidf
                0x000007dc                __aeabi_ul2d
                0x000007ec                __floatdidf
                0x000007ec                __aeabi_l2d
 .text          0x00000848      0x424 c:/software/freescale/kds_3.0.0/toolchain/bin/../lib/gcc/arm-none-eabi/4.8.4/armv7e-m/fpu\libgcc.a(_arm_muldivdf3.o)
                0x00000848                __aeabi_dmul
                0x00000848                __muldf3
                0x00000a9c                __divdf3
                0x00000a9c                __aeabi_ddiv
 .text          0x00000c6c       0x40 c:/software/freescale/kds_3.0.0/toolchain/bin/../lib/gcc/arm-none-eabi/4.8.4/armv7e-m/fpu\libgcc.a(_arm_fixunsdfsi.o)
                0x00000c6c                __aeabi_d2uiz
                0x00000c6c                __fixunsdfsi
 *(.text*)
 .text.FTM_Init
                0x00000cac       0xa0 ./Sources/FTM.o
                0x00000cac                FTM_Init
 .text.FTM_Set  0x00000d4c      0x1d4 ./Sources/FTM.o
                0x00000d4c                FTM_Set
 .text.FTM_StartTimer
                0x00000f20       0xa0 ./Sources/FTM.o
                0x00000f20                FTM_StartTimer
 .text.FTM0_ISR
                0x00000fc0       0xa8 ./Sources/FTM.o
                0x00000fc0                FTM0_ISR
 .text.FTM0Thread
                0x00001068       0x24 ./Sources/FTM.o
 .text.Flash_Init
                0x0000108c       0x40 ./Sources/Flash.o
                0x0000108c                Flash_Init
 .text.Flash_AllocateVar
                0x000010cc       0x90 ./Sources/Flash.o
                0x000010cc                Flash_AllocateVar
 .text.Flash_Write16
                0x0000115c       0x64 ./Sources/Flash.o
                0x0000115c                Flash_Write16
 .text.Flash_Write8
                0x000011c0       0x4c ./Sources/Flash.o
                0x000011c0                Flash_Write8
 .text.Flash_Erase
                0x0000120c       0x5c ./Sources/Flash.o
                0x0000120c                Flash_Erase
 .text.WritePhrase
                0x00001268       0xa8 ./Sources/Flash.o
                0x00001268                WritePhrase
 .text.LEDs_Init
                0x00001310       0xa4 ./Sources/LEDs.o
                0x00001310                LEDs_Init
 .text.LEDs_On  0x000013b4       0x1c ./Sources/LEDs.o
                0x000013b4                LEDs_On
 .text.LEDs_Off
                0x000013d0       0x24 ./Sources/LEDs.o
                0x000013d0                LEDs_Off
 .text.LEDs_Toggle
                0x000013f4       0x24 ./Sources/LEDs.o
                0x000013f4                LEDs_Toggle
 .text.PIT_Init
                0x00001418       0xa0 ./Sources/PIT.o
                0x00001418                PIT_Init
 .text.PIT_Set  0x000014b8       0x78 ./Sources/PIT.o
                0x000014b8                PIT_Set
 .text.PIT_Enable
                0x00001530       0x40 ./Sources/PIT.o
                0x00001530                PIT_Enable
 .text.PIT_ISR  0x00001570       0x40 ./Sources/PIT.o
                0x00001570                PIT_ISR
 .text.PITThread
                0x000015b0      0x104 ./Sources/PIT.o
 .text.RTC_Init
                0x000016b4      0x10c ./Sources/RTC.o
                0x000016b4                RTC_Init
 .text.RTC_Set  0x000017c0       0x58 ./Sources/RTC.o
                0x000017c0                RTC_Set
 .text.RTC_Get  0x00001818       0x88 ./Sources/RTC.o
                0x00001818                RTC_Get
 .text.RTC_ISR  0x000018a0       0x2c ./Sources/RTC.o
                0x000018a0                RTC_ISR
 .text.RTCThread
                0x000018cc       0x88 ./Sources/RTC.o
 .text.SPI_Init
                0x00001954      0x2bc ./Sources/SPI.o
                0x00001954                SPI_Init
 .text.SPI_SelectSlaveDevice
                0x00001c10       0x90 ./Sources/SPI.o
                0x00001c10                SPI_SelectSlaveDevice
 .text.SPI_Exchange
                0x00001ca0       0xa8 ./Sources/SPI.o
                0x00001ca0                SPI_Exchange
 .text.Abs      0x00001d48       0x34 ./Sources/SPI.o
 .text.setBaudRate
                0x00001d7c      0x154 ./Sources/SPI.o
 .text.calcDelay
                0x00001ed0       0x70 ./Sources/SPI.o
 .text.setDelay
                0x00001f40       0xd8 ./Sources/SPI.o
 .text.UART_Init
                0x00002018      0x188 ./Sources/UART.o
                0x00002018                UART_Init
 .text.UART_InChar
                0x000021a0       0x20 ./Sources/UART.o
                0x000021a0                UART_InChar
 .text.UART_OutChar
                0x000021c0       0x4c ./Sources/UART.o
                0x000021c0                UART_OutChar
 .text.TxThread
                0x0000220c       0x70 ./Sources/UART.o
 .text.RxThread
                0x0000227c       0x40 ./Sources/UART.o
 .text.UART_ISR
                0x000022bc       0x88 ./Sources/UART.o
                0x000022bc                UART_ISR
 .text.Analog_Init
                0x00002344       0xc4 ./Sources/analog.o
                0x00002344                Analog_Init
 .text.Analog_Get
                0x00002408      0x120 ./Sources/analog.o
                0x00002408                Analog_Get
 .text.main     0x00002528       0x4c ./Sources/main.o
                0x00002528                main
 .text.InitThread
                0x00002574       0x28 ./Sources/main.o
 .text.PacketCheckerThread
                0x0000259c       0x2c ./Sources/main.o
 .text.TowerInit
                0x000025c8       0xac ./Sources/main.o
                0x000025c8                TowerInit
 .text.TowerInitFlash
                0x00002674       0x6c ./Sources/main.o
                0x00002674                TowerInitFlash
 .text.TowerStartup
                0x000026e0       0x90 ./Sources/main.o
                0x000026e0                TowerStartup
 .text.TowerFlashProgram
                0x00002770       0x50 ./Sources/main.o
                0x00002770                TowerFlashProgram
 .text.TowerFlashRead
                0x000027c0       0x4c ./Sources/main.o
                0x000027c0                TowerFlashRead
 .text.TowerVersion
                0x0000280c       0x20 ./Sources/main.o
                0x0000280c                TowerVersion
 .text.TowerProtocol
                0x0000282c       0x7c ./Sources/main.o
                0x0000282c                TowerProtocol
 .text.TowerNumber
                0x000028a8       0x6c ./Sources/main.o
                0x000028a8                TowerNumber
 .text.TowerTime
                0x00002914       0x68 ./Sources/main.o
                0x00002914                TowerTime
 .text.TowerMode
                0x0000297c       0x6c ./Sources/main.o
                0x0000297c                TowerMode
 .text.HandleCommand
                0x000029e8       0xfc ./Sources/main.o
                0x000029e8                HandleCommand
 .text.Median_Filter
                0x00002ae4      0x118 ./Sources/median.o
                0x00002ae4                Median_Filter
 .text.kthSmallestValue
                0x00002bfc       0xc4 ./Sources/median.o
 .text.partition
                0x00002cc0       0x9c ./Sources/median.o
 .text.swap     0x00002d5c       0x28 ./Sources/median.o
 .text.Packet_Init
                0x00002d84       0x2c ./Sources/packet.o
                0x00002d84                Packet_Init
 .text.Packet_Get
                0x00002db0      0x104 ./Sources/packet.o
                0x00002db0                Packet_Get
 .text.Packet_Put
                0x00002eb4       0x84 ./Sources/packet.o
                0x00002eb4                Packet_Put
 .text.__copy_rom_section
                0x00002f38       0xe4 ./Project_Settings/Startup_Code/startup.o
                0x00002f38                __copy_rom_section
 .text.__copy_rom_sections_to_ram
                0x0000301c       0x9c ./Project_Settings/Startup_Code/startup.o
                0x0000301c                __copy_rom_sections_to_ram
 .text.__init_registers
                0x000030b8       0x20 ./Project_Settings/Startup_Code/startup.o
                0x000030b8                __init_registers
 .text.__init_user
                0x000030d8        0xc ./Project_Settings/Startup_Code/startup.o
                0x000030d8                __init_user
 .text.__thumb_startup
                0x000030e4       0x34 ./Project_Settings/Startup_Code/startup.o
                0x000030e4                __thumb_startup
 .text.Cpu_Interrupt
                0x00003118       0x18 ./Generated_Code/Cpu.o
                0x00003118                Cpu_Interrupt
 .text.__init_hardware
                0x00003130      0x244 ./Generated_Code/Cpu.o
                0x00003130                __init_hardware
 .text.Cpu_SetBASEPRI
                0x00003374       0x18 ./Generated_Code/Cpu.o
                0x00003374                Cpu_SetBASEPRI
 .text.PE_low_level_init
                0x0000338c       0xe4 ./Generated_Code/Cpu.o
                0x0000338c                PE_low_level_init
 .text.FIFO_Init
                0x00003470       0x6c C:\Users\12545479\git\04\Library\libLab3.a(FIFO.o)
                0x00003470                FIFO_Init
 .text.FIFO_Put
                0x000034dc       0xa8 C:\Users\12545479\git\04\Library\libLab3.a(FIFO.o)
                0x000034dc                FIFO_Put
 .text.FIFO_Get
                0x00003584       0xa8 C:\Users\12545479\git\04\Library\libLab3.a(FIFO.o)
                0x00003584                FIFO_Get
 .text.OS_Init  0x0000362c      0x110 C:\Users\12545479\git\04\Library\libOS.a(OS.o)
                0x0000362c                OS_Init
 .text.OS_ISREnter
                0x0000373c       0x20 C:\Users\12545479\git\04\Library\libOS.a(OS.o)
                0x0000373c                OS_ISREnter
 .text.OS_ISRExit
                0x0000375c       0x1c C:\Users\12545479\git\04\Library\libOS.a(OS.o)
                0x0000375c                OS_ISRExit
 .text.OS_SemaphoreCreate
                0x00003778       0x90 C:\Users\12545479\git\04\Library\libOS.a(OS.o)
                0x00003778                OS_SemaphoreCreate
 .text.OS_SemaphoreSignal
                0x00003808       0x44 C:\Users\12545479\git\04\Library\libOS.a(OS.o)
                0x00003808                OS_SemaphoreSignal
 .text.OS_SemaphoreWait
                0x0000384c       0x58 C:\Users\12545479\git\04\Library\libOS.a(OS.o)
                0x0000384c                OS_SemaphoreWait
 .text.OS_Start
                0x000038a4       0x10 C:\Users\12545479\git\04\Library\libOS.a(OS.o)
                0x000038a4                OS_Start
 .text.OS_ThreadCreate
                0x000038b4      0x160 C:\Users\12545479\git\04\Library\libOS.a(OS.o)
                0x000038b4                OS_ThreadCreate
 .text.OS_ThreadDelete
                0x00003a14      0x18c C:\Users\12545479\git\04\Library\libOS.a(OS.o)
                0x00003a14                OS_ThreadDelete
 .text.EventThreadReady
                0x00003ba0       0x68 C:\Users\12545479\git\04\Library\libOS.a(OS.o)
 .text.EventThreadWait
                0x00003c08       0x64 C:\Users\12545479\git\04\Library\libOS.a(OS.o)
 .text.EventTimeout
                0x00003c6c       0x40 C:\Users\12545479\git\04\Library\libOS.a(OS.o)
 .text.Idle     0x00003cac       0x18 C:\Users\12545479\git\04\Library\libOS.a(OS.o)
 .text.FindFirstSet
                0x00003cc4       0x44 C:\Users\12545479\git\04\Library\libOS.a(OS.o)
 .text.Schedule
                0x00003d08       0x64 C:\Users\12545479\git\04\Library\libOS.a(OS.o)
 .text.TCBInit  0x00003d6c       0xcc C:\Users\12545479\git\04\Library\libOS.a(OS.o)
 .text.TimeTick
                0x00003e38       0x74 C:\Users\12545479\git\04\Library\libOS.a(OS.o)
 *fill*         0x00003eac        0x4 
 .text.OS_ContextSwitchISR
                0x00003eb0       0x70 C:\Users\12545479\git\04\Library\libOS.a(OS.o)
                0x00003eb0                OS_ContextSwitchISR
 .text.OS_SysTickISR
                0x00003f20       0x5c C:\Users\12545479\git\04\Library\libOS.a(OS.o)
                0x00003f20                OS_SysTickISR
 .text.exit     0x00003f7c       0x28 c:/software/freescale/kds_3.0.0/toolchain/bin/../lib/gcc/arm-none-eabi/4.8.4/../../../../arm-none-eabi/lib/armv7e-m/fpu\libg_s.a(lib_a-exit.o)
                0x00003f7c                exit
 .text.__libc_init_array
                0x00003fa4       0x4c c:/software/freescale/kds_3.0.0/toolchain/bin/../lib/gcc/arm-none-eabi/4.8.4/../../../../arm-none-eabi/lib/armv7e-m/fpu\libg_s.a(lib_a-init.o)
                0x00003fa4                __libc_init_array
 .text.memset   0x00003ff0       0x10 c:/software/freescale/kds_3.0.0/toolchain/bin/../lib/gcc/arm-none-eabi/4.8.4/../../../../arm-none-eabi/lib/armv7e-m/fpu\libg_s.a(lib_a-memset.o)
                0x00003ff0                memset
 .text._exit    0x00004000        0x4 c:/software/freescale/kds_3.0.0/toolchain/bin/../lib/gcc/arm-none-eabi/4.8.4/../../../../arm-none-eabi/lib/armv7e-m/fpu\libnosys.a(_exit.o)
                0x00004000                _exit
 *(.rodata)
 .rodata        0x00004004        0xc ./Sources/analog.o
 *(.rodata*)
 .rodata.PACKET_ACK_MASK
                0x00004010        0x1 ./Sources/packet.o
                0x00004010                PACKET_ACK_MASK
 .rodata.str1.1
                0x00004011        0x2 c:/software/freescale/kds_3.0.0/toolchain/bin/../lib/gcc/arm-none-eabi/4.8.4/../../../../arm-none-eabi/lib/armv7e-m/fpu\libg_s.a(lib_a-impure.o)
 *fill*         0x00004013        0x1 
 .rodata._global_impure_ptr
                0x00004014        0x4 c:/software/freescale/kds_3.0.0/toolchain/bin/../lib/gcc/arm-none-eabi/4.8.4/../../../../arm-none-eabi/lib/armv7e-m/fpu\libg_s.a(lib_a-impure.o)
                0x00004014                _global_impure_ptr
 *(.glue_7)
 .glue_7        0x00000000        0x0 linker stubs
 *(.glue_7t)
 .glue_7t       0x00000000        0x0 linker stubs
 *(.eh_frame)
 .eh_frame      0x00004018        0x0 c:/software/freescale/kds_3.0.0/toolchain/bin/../lib/gcc/arm-none-eabi/4.8.4/armv7e-m/fpu/crtbegin.o
 *(.init)
 .init          0x00004018        0x4 c:/software/freescale/kds_3.0.0/toolchain/bin/../lib/gcc/arm-none-eabi/4.8.4/armv7e-m/fpu/crti.o
                0x00004018                _init
 .init          0x0000401c        0x8 c:/software/freescale/kds_3.0.0/toolchain/bin/../lib/gcc/arm-none-eabi/4.8.4/armv7e-m/fpu/crtn.o
 *(.fini)
 .fini          0x00004024        0x4 c:/software/freescale/kds_3.0.0/toolchain/bin/../lib/gcc/arm-none-eabi/4.8.4/armv7e-m/fpu/crti.o
                0x00004024                _fini
 .fini          0x00004028        0x8 c:/software/freescale/kds_3.0.0/toolchain/bin/../lib/gcc/arm-none-eabi/4.8.4/armv7e-m/fpu/crtn.o
                0x00004030                . = ALIGN (0x4)
                0x00004030                _etext = .

.vfp11_veneer   0x00004030        0x0
 .vfp11_veneer  0x00000000        0x0 linker stubs

.v4_bx          0x00004030        0x0
 .v4_bx         0x00000000        0x0 linker stubs

.iplt           0x00004030        0x0
 .iplt          0x00000000        0x0 c:/software/freescale/kds_3.0.0/toolchain/bin/../lib/gcc/arm-none-eabi/4.8.4/armv7e-m/fpu/crtbegin.o

.ARM.extab
 *(.ARM.extab* .gnu.linkonce.armextab.*)

.ARM            0x00004030        0x8
                0x00004030                __exidx_start = .
 *(.ARM.exidx*)
 .ARM.exidx     0x00004030        0x8 c:/software/freescale/kds_3.0.0/toolchain/bin/../lib/gcc/arm-none-eabi/4.8.4/../../../../arm-none-eabi/lib/armv7e-m/fpu/crt0.o
                0x00004038                __exidx_end = .

.rel.dyn        0x00004038        0x0
 .rel.iplt      0x00000000        0x0 c:/software/freescale/kds_3.0.0/toolchain/bin/../lib/gcc/arm-none-eabi/4.8.4/armv7e-m/fpu/crtbegin.o

.ctors          0x00004038        0x0
                0x00004038                __CTOR_LIST__ = .
 *crtbegin.o(.ctors)
 *(EXCLUDE_FILE(*crtend.o) .ctors)
 *(SORT(.ctors.*))
 *(.ctors)
                0x00004038                __CTOR_END__ = .

.dtors          0x00004038        0x0
                0x00004038                __DTOR_LIST__ = .
 *crtbegin.o(.dtors)
 *(EXCLUDE_FILE(*crtend.o) .dtors)
 *(SORT(.dtors.*))
 *(.dtors)
                0x00004038                __DTOR_END__ = .

.preinit_array  0x00004038        0x0
                0x00004038                PROVIDE (__preinit_array_start, .)
 *(.preinit_array*)
                0x00004038                PROVIDE (__preinit_array_end, .)

.init_array     0x00004038        0x4
                0x00004038                PROVIDE (__init_array_start, .)
 *(SORT(.init_array.*))
 *(.init_array*)
 .init_array    0x00004038        0x4 c:/software/freescale/kds_3.0.0/toolchain/bin/../lib/gcc/arm-none-eabi/4.8.4/armv7e-m/fpu/crtbegin.o
                0x0000403c                PROVIDE (__init_array_end, .)

.fini_array     0x0000403c        0x4
                0x0000403c                PROVIDE (__fini_array_start, .)
 *(SORT(.fini_array.*))
 *(.fini_array*)
 .fini_array    0x0000403c        0x4 c:/software/freescale/kds_3.0.0/toolchain/bin/../lib/gcc/arm-none-eabi/4.8.4/armv7e-m/fpu/crtbegin.o
                0x00004040                PROVIDE (__fini_array_end, .)
                0x00004040                ___ROM_AT = .

.data           0x1fff0000       0xb8 load address 0x00004040
                0x1fff0000                . = ALIGN (0x4)
                0x1fff0000                _sdata = .
 *(.data)
 *(.data*)
 .data.flashMem.5934
                0x1fff0000        0x1 ./Sources/Flash.o
 *fill*         0x1fff0001        0x1 
 .data.timer.6668
                0x1fff0002        0x2 ./Sources/PIT.o
 .data.baudRateDividers
                0x1fff0004        0x4 ./Sources/SPI.o
 .data.baudRateScalars
                0x1fff0008       0x40 ./Sources/SPI.o
 .data.PacketTimer
                0x1fff0048       0x10 ./Sources/main.o
                0x1fff0048                PacketTimer
 .data.impure_data
                0x1fff0058       0x60 c:/software/freescale/kds_3.0.0/toolchain/bin/../lib/gcc/arm-none-eabi/4.8.4/../../../../arm-none-eabi/lib/armv7e-m/fpu\libg_s.a(lib_a-impure.o)
                0x1fff00b8                . = ALIGN (0x4)
                0x1fff00b8                _edata = .
                0x000000b8                ___data_size = (_edata - _sdata)
                0x000040f8                ___m_data_20000000_ROMStart = (___ROM_AT + SIZEOF (.data))

.jcr            0x1fff00b8        0x0 load address 0x000040f8
 .jcr           0x1fff00b8        0x0 c:/software/freescale/kds_3.0.0/toolchain/bin/../lib/gcc/arm-none-eabi/4.8.4/armv7e-m/fpu/crtbegin.o

.igot.plt       0x1fff00b8        0x0 load address 0x000040f8
 .igot.plt      0x00000000        0x0 c:/software/freescale/kds_3.0.0/toolchain/bin/../lib/gcc/arm-none-eabi/4.8.4/armv7e-m/fpu/crtbegin.o

.m_data_20000000
                0x20000000        0x0 load address 0x000040f8
                0x20000000                . = ALIGN (0x4)
                0x20000000                ___m_data_20000000_RAMStart = .
 *(.m_data_20000000)
                0x20000000                ___m_data_20000000_RAMEnd = .
                0x20000000                . = ALIGN (0x4)
                0x00000000                ___m_data_20000000_ROMSize = (___m_data_20000000_RAMEnd - ___m_data_20000000_RAMStart)
                0x20000000                . = ALIGN (0x4)

.bss            0x1fff00b8     0x86d8 load address 0x000040f8
                0x1fff00b8                __START_BSS = .
                0x1fff00b8                PROVIDE (__bss_start__, __START_BSS)
 *(.bss)
 .bss           0x1fff00b8       0x1c c:/software/freescale/kds_3.0.0/toolchain/bin/../lib/gcc/arm-none-eabi/4.8.4/armv7e-m/fpu/crtbegin.o
 *(.bss*)
 *fill*         0x1fff00d4        0x4 
 .bss.FTMThreadStack
                0x1fff00d8      0xfa0 ./Sources/FTM.o
 .bss.PIT_moduleClk
                0x1fff1078        0x4 ./Sources/PIT.o
 *fill*         0x1fff107c        0x4 
 .bss.PITThreadStack
                0x1fff1080      0xfa0 ./Sources/PIT.o
 .bss.RTCThreadStack
                0x1fff2020      0xfa0 ./Sources/RTC.o
 .bss.Master    0x1fff2fc0        0x1 ./Sources/SPI.o
 *fill*         0x1fff2fc1        0x7 
 .bss.TxThreadStack
                0x1fff2fc8      0xfa0 ./Sources/UART.o
 .bss.RxThreadStack
                0x1fff3f68      0xfa0 ./Sources/UART.o
 .bss.TxSemaphore
                0x1fff4f08        0x4 ./Sources/UART.o
 .bss.RxSemaphore
                0x1fff4f0c        0x4 ./Sources/UART.o
 .bss.RxFIFO    0x1fff4f10      0x814 ./Sources/UART.o
 .bss.TxFIFO    0x1fff5724      0x814 ./Sources/UART.o
 .bss.txData.6628
                0x1fff5f38        0x1 ./Sources/UART.o
 *fill*         0x1fff5f39        0x1 
 .bss.dataTx.6621
                0x1fff5f3a        0x2 ./Sources/analog.o
 *fill*         0x1fff5f3c        0x4 
 .bss.InitThreadStack
                0x1fff5f40      0xfa0 ./Sources/main.o
 .bss.PacketCheckerThreadStack
                0x1fff6ee0      0xfa0 ./Sources/main.o
 .bss.PacketPosition
                0x1fff7e80        0x1 ./Sources/packet.o
                0x1fff7e80                PacketPosition
 .bss.SR_lock   0x1fff7e81        0x1 ./Generated_Code/Cpu.o
                0x1fff7e81                SR_lock
 *fill*         0x1fff7e82        0x2 
 .bss.TCBUnusedMain
                0x1fff7e84       0x18 C:\Users\12545479\git\04\Library\libOS.a(OS.o)
 .bss.TCBTable  0x1fff7e9c      0x300 C:\Users\12545479\git\04\Library\libOS.a(OS.o)
 .bss.pTCBFreeList
                0x1fff819c        0x4 C:\Users\12545479\git\04\Library\libOS.a(OS.o)
 .bss.pTCBAllocatedList
                0x1fff81a0        0x4 C:\Users\12545479\git\04\Library\libOS.a(OS.o)
 .bss.pTCBPriorityTable
                0x1fff81a4       0x80 C:\Users\12545479\git\04\Library\libOS.a(OS.o)
 .bss.pTCBRunning
                0x1fff8224        0x4 C:\Users\12545479\git\04\Library\libOS.a(OS.o)
 .bss.pTCBHighestReady
                0x1fff8228        0x4 C:\Users\12545479\git\04\Library\libOS.a(OS.o)
 .bss.ReadyList
                0x1fff822c        0x4 C:\Users\12545479\git\04\Library\libOS.a(OS.o)
 .bss.ECBTable  0x1fff8230      0x100 C:\Users\12545479\git\04\Library\libOS.a(OS.o)
 .bss.NextECBFree
                0x1fff8330        0x1 C:\Users\12545479\git\04\Library\libOS.a(OS.o)
 *fill*         0x1fff8331        0x3 
 .bss.IdleCounter
                0x1fff8334        0x4 C:\Users\12545479\git\04\Library\libOS.a(OS.o)
 .bss.IdleStack
                0x1fff8338      0x400 C:\Users\12545479\git\04\Library\libOS.a(OS.o)
 .bss.Ticks     0x1fff8738        0x4 C:\Users\12545479\git\04\Library\libOS.a(OS.o)
 .bss.ToggleCntr
                0x1fff873c        0x4 C:\Users\12545479\git\04\Library\libOS.a(OS.o)
 .bss.ToggleLED
                0x1fff8740        0x1 C:\Users\12545479\git\04\Library\libOS.a(OS.o)
 .bss.ISRNestLevel
                0x1fff8741        0x1 C:\Users\12545479\git\04\Library\libOS.a(OS.o)
 *(COMMON)
 *fill*         0x1fff8742        0x2 
 COMMON         0x1fff8744        0x4 ./Sources/FTM.o
                0x1fff8744                FTM_Semaphore
 COMMON         0x1fff8748        0x8 ./Sources/PIT.o
                0x1fff8748                Synchronous
                0x1fff874c                PIT0_Semaphore
 COMMON         0x1fff8750        0x4 ./Sources/RTC.o
                0x1fff8750                RTC_Semaphore
 COMMON         0x1fff8754       0x24 ./Sources/analog.o
                0x1fff8754                Analog_Input
 COMMON         0x1fff8778        0x8 ./Sources/main.o
                0x1fff8778                NvTowerMd
                0x1fff877c                NvTowerNb
 COMMON         0x1fff8780        0xc ./Sources/packet.o
                0x1fff8780                Packet
                0x1fff8788                PacketSemaphore
 COMMON         0x1fff878c        0x1 ./Generated_Code/Cpu.o
                0x1fff878c                SR_reg
                0x1fff8790                . = ALIGN (0x4)
 *fill*         0x1fff878d        0x3 
                0x1fff8790                __END_BSS = .
                0x1fff8790                PROVIDE (__bss_end__, __END_BSS)
                0x000040f8                _romp_at = ((___ROM_AT + SIZEOF (.data)) + SIZEOF (.m_data_20000000))

.romp           0x1fff8790       0x24 load address 0x000040f8
                0x000040f8                __S_romp = _romp_at
                0x1fff8790        0x4 LONG 0x4040 ___ROM_AT
                0x1fff8794        0x4 LONG 0x1fff0000 _sdata
                0x1fff8798        0x4 LONG 0xb8 ___data_size
                0x1fff879c        0x4 LONG 0x40f8 ___m_data_20000000_ROMStart
                0x1fff87a0        0x4 LONG 0x20000000 ___m_data_20000000_RAMStart
                0x1fff87a4        0x4 LONG 0x0 ___m_data_20000000_ROMSize
                0x1fff87a8        0x4 LONG 0x0
                0x1fff87ac        0x4 LONG 0x0
                0x1fff87b0        0x4 LONG 0x0

._user_heap_stack
                0x1fff87b4      0x400 load address 0x0000411c
                0x1fff87b4                . = ALIGN (0x4)
                0x1fff87b4                PROVIDE (end, .)
                0x1fff87b4                PROVIDE (_end, .)
                0x1fff87b4                __heap_addr = .
                0x1fff87b4                __HeapBase = .
                0x1fff87b4                . = (. + __heap_size)
                0x1fff87b4                __HeapLimit = .
                0x1fff8bb4                . = (. + __stack_size)
 *fill*         0x1fff87b4      0x400 
                0x1fff8bb4                . = ALIGN (0x4)

.ARM.attributes
                0x00000000       0x30
 *(.ARM.attributes)
 .ARM.attributes
                0x00000000       0x22 c:/software/freescale/kds_3.0.0/toolchain/bin/../lib/gcc/arm-none-eabi/4.8.4/armv7e-m/fpu/crti.o
 .ARM.attributes
                0x00000022       0x34 c:/software/freescale/kds_3.0.0/toolchain/bin/../lib/gcc/arm-none-eabi/4.8.4/armv7e-m/fpu/crtbegin.o
 .ARM.attributes
                0x00000056       0x20 c:/software/freescale/kds_3.0.0/toolchain/bin/../lib/gcc/arm-none-eabi/4.8.4/../../../../arm-none-eabi/lib/armv7e-m/fpu/crt0.o
 .ARM.attributes
                0x00000076       0x39 ./Sources/FTM.o
 .ARM.attributes
                0x000000af       0x39 ./Sources/Flash.o
 .ARM.attributes
                0x000000e8       0x39 ./Sources/LEDs.o
 .ARM.attributes
                0x00000121       0x39 ./Sources/PIT.o
 .ARM.attributes
                0x0000015a       0x39 ./Sources/RTC.o
 .ARM.attributes
                0x00000193       0x39 ./Sources/SPI.o
 .ARM.attributes
                0x000001cc       0x39 ./Sources/UART.o
 .ARM.attributes
                0x00000205       0x39 ./Sources/analog.o
 .ARM.attributes
                0x0000023e       0x39 ./Sources/main.o
 .ARM.attributes
                0x00000277       0x39 ./Sources/median.o
 .ARM.attributes
                0x000002b0       0x39 ./Sources/packet.o
 .ARM.attributes
                0x000002e9       0x39 ./Project_Settings/Startup_Code/startup.o
 .ARM.attributes
                0x00000322       0x39 ./Generated_Code/Cpu.o
 .ARM.attributes
                0x0000035b       0x39 ./Generated_Code/Vectors.o
 .ARM.attributes
                0x00000394       0x39 C:\Users\12545479\git\04\Library\libLab3.a(FIFO.o)
 .ARM.attributes
                0x000003cd       0x39 C:\Users\12545479\git\04\Library\libOS.a(OS.o)
 .ARM.attributes
                0x00000406       0x22 c:/software/freescale/kds_3.0.0/toolchain/bin/../lib/gcc/arm-none-eabi/4.8.4/armv7e-m/fpu\libgcc.a(_arm_addsubdf3.o)
 .ARM.attributes
                0x00000428       0x22 c:/software/freescale/kds_3.0.0/toolchain/bin/../lib/gcc/arm-none-eabi/4.8.4/armv7e-m/fpu\libgcc.a(_arm_muldivdf3.o)
 .ARM.attributes
                0x0000044a       0x22 c:/software/freescale/kds_3.0.0/toolchain/bin/../lib/gcc/arm-none-eabi/4.8.4/armv7e-m/fpu\libgcc.a(_arm_fixunsdfsi.o)
 .ARM.attributes
                0x0000046c       0x34 c:/software/freescale/kds_3.0.0/toolchain/bin/../lib/gcc/arm-none-eabi/4.8.4/../../../../arm-none-eabi/lib/armv7e-m/fpu\libg_s.a(lib_a-exit.o)
 .ARM.attributes
                0x000004a0       0x34 c:/software/freescale/kds_3.0.0/toolchain/bin/../lib/gcc/arm-none-eabi/4.8.4/../../../../arm-none-eabi/lib/armv7e-m/fpu\libg_s.a(lib_a-impure.o)
 .ARM.attributes
                0x000004d4       0x34 c:/software/freescale/kds_3.0.0/toolchain/bin/../lib/gcc/arm-none-eabi/4.8.4/../../../../arm-none-eabi/lib/armv7e-m/fpu\libg_s.a(lib_a-init.o)
 .ARM.attributes
                0x00000508       0x34 c:/software/freescale/kds_3.0.0/toolchain/bin/../lib/gcc/arm-none-eabi/4.8.4/../../../../arm-none-eabi/lib/armv7e-m/fpu\libg_s.a(lib_a-memset.o)
 .ARM.attributes
                0x0000053c       0x34 c:/software/freescale/kds_3.0.0/toolchain/bin/../lib/gcc/arm-none-eabi/4.8.4/../../../../arm-none-eabi/lib/armv7e-m/fpu\libnosys.a(_exit.o)
 .ARM.attributes
                0x00000570       0x22 c:/software/freescale/kds_3.0.0/toolchain/bin/../lib/gcc/arm-none-eabi/4.8.4/armv7e-m/fpu/crtn.o
OUTPUT(Project.elf elf32-littlearm)

.debug_info     0x00000000     0x66a6
 .debug_info    0x00000000      0x834 ./Sources/FTM.o
 .debug_info    0x00000834      0x80b ./Sources/Flash.o
 .debug_info    0x0000103f      0x490 ./Sources/LEDs.o
 .debug_info    0x000014cf      0x7ac ./Sources/PIT.o
 .debug_info    0x00001c7b      0x6f8 ./Sources/RTC.o
 .debug_info    0x00002373      0x8d3 ./Sources/SPI.o
 .debug_info    0x00002c46      0xa81 ./Sources/UART.o
 .debug_info    0x000036c7      0x2dc ./Sources/analog.o
 .debug_info    0x000039a3      0x676 ./Sources/main.o
 .debug_info    0x00004019      0x280 ./Sources/median.o
 .debug_info    0x00004299      0x302 ./Sources/packet.o
 .debug_info    0x0000459b      0x3b0 ./Project_Settings/Startup_Code/startup.o
 .debug_info    0x0000494b      0xd0e ./Generated_Code/Cpu.o
 .debug_info    0x00005659      0x10f ./Generated_Code/Vectors.o
 .debug_info    0x00005768      0x23c C:\Users\12545479\git\04\Library\libLab3.a(FIFO.o)
 .debug_info    0x000059a4      0xd02 C:\Users\12545479\git\04\Library\libOS.a(OS.o)

.debug_abbrev   0x00000000     0x1924
 .debug_abbrev  0x00000000      0x1e9 ./Sources/FTM.o
 .debug_abbrev  0x000001e9      0x194 ./Sources/Flash.o
 .debug_abbrev  0x0000037d      0x144 ./Sources/LEDs.o
 .debug_abbrev  0x000004c1      0x20b ./Sources/PIT.o
 .debug_abbrev  0x000006cc      0x1ac ./Sources/RTC.o
 .debug_abbrev  0x00000878      0x22f ./Sources/SPI.o
 .debug_abbrev  0x00000aa7      0x1fc ./Sources/UART.o
 .debug_abbrev  0x00000ca3      0x104 ./Sources/analog.o
 .debug_abbrev  0x00000da7      0x1f3 ./Sources/main.o
 .debug_abbrev  0x00000f9a       0xf8 ./Sources/median.o
 .debug_abbrev  0x00001092       0xec ./Sources/packet.o
 .debug_abbrev  0x0000117e      0x189 ./Project_Settings/Startup_Code/startup.o
 .debug_abbrev  0x00001307      0x185 ./Generated_Code/Cpu.o
 .debug_abbrev  0x0000148c       0xa4 ./Generated_Code/Vectors.o
 .debug_abbrev  0x00001530       0xfc C:\Users\12545479\git\04\Library\libLab3.a(FIFO.o)
 .debug_abbrev  0x0000162c      0x2f8 C:\Users\12545479\git\04\Library\libOS.a(OS.o)

.debug_aranges  0x00000000      0x490
 .debug_aranges
                0x00000000       0x40 ./Sources/FTM.o
 .debug_aranges
                0x00000040       0x50 ./Sources/Flash.o
 .debug_aranges
                0x00000090       0x38 ./Sources/LEDs.o
 .debug_aranges
                0x000000c8       0x40 ./Sources/PIT.o
 .debug_aranges
                0x00000108       0x40 ./Sources/RTC.o
 .debug_aranges
                0x00000148       0x50 ./Sources/SPI.o
 .debug_aranges
                0x00000198       0x48 ./Sources/UART.o
 .debug_aranges
                0x000001e0       0x28 ./Sources/analog.o
 .debug_aranges
                0x00000208       0x88 ./Sources/main.o
 .debug_aranges
                0x00000290       0x38 ./Sources/median.o
 .debug_aranges
                0x000002c8       0x30 ./Sources/packet.o
 .debug_aranges
                0x000002f8       0x50 ./Project_Settings/Startup_Code/startup.o
 .debug_aranges
                0x00000348       0x38 ./Generated_Code/Cpu.o
 .debug_aranges
                0x00000380       0x18 ./Generated_Code/Vectors.o
 .debug_aranges
                0x00000398       0x30 C:\Users\12545479\git\04\Library\libLab3.a(FIFO.o)
 .debug_aranges
                0x000003c8       0xc8 C:\Users\12545479\git\04\Library\libOS.a(OS.o)

.debug_ranges   0x00000000      0x388
 .debug_ranges  0x00000000       0x30 ./Sources/FTM.o
 .debug_ranges  0x00000030       0x40 ./Sources/Flash.o
 .debug_ranges  0x00000070       0x28 ./Sources/LEDs.o
 .debug_ranges  0x00000098       0x30 ./Sources/PIT.o
 .debug_ranges  0x000000c8       0x30 ./Sources/RTC.o
 .debug_ranges  0x000000f8       0x40 ./Sources/SPI.o
 .debug_ranges  0x00000138       0x38 ./Sources/UART.o
 .debug_ranges  0x00000170       0x18 ./Sources/analog.o
 .debug_ranges  0x00000188       0x78 ./Sources/main.o
 .debug_ranges  0x00000200       0x28 ./Sources/median.o
 .debug_ranges  0x00000228       0x20 ./Sources/packet.o
 .debug_ranges  0x00000248       0x40 ./Project_Settings/Startup_Code/startup.o
 .debug_ranges  0x00000288       0x28 ./Generated_Code/Cpu.o
 .debug_ranges  0x000002b0       0x20 C:\Users\12545479\git\04\Library\libLab3.a(FIFO.o)
 .debug_ranges  0x000002d0       0xb8 C:\Users\12545479\git\04\Library\libOS.a(OS.o)

.debug_macro    0x00000000    0x18e6c
 .debug_macro   0x00000000       0xa1 ./Sources/FTM.o
 .debug_macro   0x000000a1      0x139 ./Sources/Flash.o
 .debug_macro   0x000001da       0x28 ./Sources/Flash.o
 .debug_macro   0x00000202       0x58 ./Sources/Flash.o
 .debug_macro   0x0000025a       0x35 ./Sources/Flash.o
 .debug_macro   0x0000028f       0xa3 ./Sources/Flash.o
 .debug_macro   0x00000332      0x166 ./Sources/Flash.o
 .debug_macro   0x00000498       0x52 ./Sources/Flash.o
 .debug_macro   0x000004ea       0x16 ./Sources/Flash.o
 .debug_macro   0x00000500       0x43 ./Sources/Flash.o
 .debug_macro   0x00000543      0x180 ./Sources/Flash.o
 .debug_macro   0x000006c3      0x2a6 ./Sources/Flash.o
 .debug_macro   0x00000969       0x10 ./Sources/Flash.o
 .debug_macro   0x00000979       0x35 ./Sources/Flash.o
 .debug_macro   0x000009ae       0x71 ./Sources/LEDs.o
 .debug_macro   0x00000a1f       0xcb ./Sources/PIT.o
 .debug_macro   0x00000aea       0x16 ./Sources/PIT.o
 .debug_macro   0x00000b00       0x34 ./Sources/PIT.o
 .debug_macro   0x00000b34       0xbe ./Sources/RTC.o
 .debug_macro   0x00000bf2       0xc4 ./Sources/SPI.o
 .debug_macro   0x00000cb6       0xc6 ./Sources/UART.o
 .debug_macro   0x00000d7c       0xf5 ./Sources/analog.o
 .debug_macro   0x00000e71       0x10 ./Sources/analog.o
 .debug_macro   0x00000e81      0x13d ./Sources/main.o
 .debug_macro   0x00000fbe       0x30 ./Sources/main.o
 .debug_macro   0x00000fee       0x2e ./Sources/main.o
 .debug_macro   0x0000101c       0x71 ./Sources/median.o
 .debug_macro   0x0000108d       0xd5 ./Sources/packet.o
 .debug_macro   0x00001162      0x121 ./Project_Settings/Startup_Code/startup.o
 .debug_macro   0x00001283       0x4a ./Project_Settings/Startup_Code/startup.o
 .debug_macro   0x000012cd       0x16 ./Project_Settings/Startup_Code/startup.o
 .debug_macro   0x000012e3       0x22 ./Project_Settings/Startup_Code/startup.o
 .debug_macro   0x00001305       0x16 ./Project_Settings/Startup_Code/startup.o
 .debug_macro   0x0000131b      0x20f ./Project_Settings/Startup_Code/startup.o
 .debug_macro   0x0000152a    0x174af ./Project_Settings/Startup_Code/startup.o
 .debug_macro   0x000189d9       0x9f ./Generated_Code/Cpu.o
 .debug_macro   0x00018a78       0xa0 ./Generated_Code/Cpu.o
 .debug_macro   0x00018b18       0xe3 ./Generated_Code/Vectors.o
 .debug_macro   0x00018bfb       0xa6 C:\Users\12545479\git\04\Library\libLab3.a(FIFO.o)
 .debug_macro   0x00018ca1       0x94 C:\Users\12545479\git\04\Library\libLab3.a(FIFO.o)
 .debug_macro   0x00018d35       0xa3 C:\Users\12545479\git\04\Library\libOS.a(OS.o)
 .debug_macro   0x00018dd8       0x94 C:\Users\12545479\git\04\Library\libOS.a(OS.o)

.debug_line     0x00000000     0x3559
 .debug_line    0x00000000      0x335 ./Sources/FTM.o
 .debug_line    0x00000335      0x42d ./Sources/Flash.o
 .debug_line    0x00000762      0x25c ./Sources/LEDs.o
 .debug_line    0x000009be      0x32b ./Sources/PIT.o
 .debug_line    0x00000ce9      0x31d ./Sources/RTC.o
 .debug_line    0x00001006      0x3b4 ./Sources/SPI.o
 .debug_line    0x000013ba      0x356 ./Sources/UART.o
 .debug_line    0x00001710      0x311 ./Sources/analog.o
 .debug_line    0x00001a21      0x4b3 ./Sources/main.o
 .debug_line    0x00001ed4      0x287 ./Sources/median.o
 .debug_line    0x0000215b      0x30f ./Sources/packet.o
 .debug_line    0x0000246a      0x3df ./Project_Settings/Startup_Code/startup.o
 .debug_line    0x00002849      0x321 ./Generated_Code/Cpu.o
 .debug_line    0x00002b6a      0x2f9 ./Generated_Code/Vectors.o
 .debug_line    0x00002e63      0x260 C:\Users\12545479\git\04\Library\libLab3.a(FIFO.o)
 .debug_line    0x000030c3      0x496 C:\Users\12545479\git\04\Library\libOS.a(OS.o)

.debug_str      0x00000000    0x8eb39
 .debug_str     0x00000000    0x8a684 ./Sources/FTM.o
                              0x8a8a1 (size before relaxing)
 .debug_str     0x0008a684     0x2790 ./Sources/Flash.o
                              0x85c1d (size before relaxing)
 .debug_str     0x0008ce14       0xb8 ./Sources/LEDs.o
                              0x833cf (size before relaxing)
 .debug_str     0x0008cecc      0x358 ./Sources/PIT.o
                              0x8a977 (size before relaxing)
 .debug_str     0x0008d224       0xac ./Sources/RTC.o
                              0x8a875 (size before relaxing)
 .debug_str     0x0008d2d0      0xad6 ./Sources/SPI.o
                              0x8af37 (size before relaxing)
 .debug_str     0x0008dda6      0x1b9 ./Sources/UART.o
                              0x8b071 (size before relaxing)
 .debug_str     0x0008df5f       0xe1 ./Sources/analog.o
                              0x8ae4f (size before relaxing)
 .debug_str     0x0008e040      0x1a2 ./Sources/main.o
                              0x8b441 (size before relaxing)
 .debug_str     0x0008e1e2       0x61 ./Sources/median.o
                               0x35e2 (size before relaxing)
 .debug_str     0x0008e243       0x60 ./Sources/packet.o
                              0x8af6b (size before relaxing)
 .debug_str     0x0008e2a3      0x217 ./Project_Settings/Startup_Code/startup.o
                              0x853df (size before relaxing)
 .debug_str     0x0008e4ba      0x21f ./Generated_Code/Cpu.o
                              0x8aa49 (size before relaxing)
 .debug_str     0x0008e6d9       0x1c ./Generated_Code/Vectors.o
                              0x8a79b (size before relaxing)
 .debug_str     0x0008e6f5       0xc7 C:\Users\12545479\git\04\Library\libLab3.a(FIFO.o)
                              0x8a6ef (size before relaxing)
 .debug_str     0x0008e7bc      0x37d C:\Users\12545479\git\04\Library\libOS.a(OS.o)
                              0x8ad2a (size before relaxing)

.comment        0x00000000       0x70
 .comment       0x00000000       0x70 ./Sources/FTM.o
                                 0x71 (size before relaxing)
 .comment       0x00000000       0x71 ./Sources/Flash.o
 .comment       0x00000000       0x71 ./Sources/LEDs.o
 .comment       0x00000000       0x71 ./Sources/PIT.o
 .comment       0x00000000       0x71 ./Sources/RTC.o
 .comment       0x00000000       0x71 ./Sources/SPI.o
 .comment       0x00000000       0x71 ./Sources/UART.o
 .comment       0x00000000       0x71 ./Sources/analog.o
 .comment       0x00000000       0x71 ./Sources/main.o
 .comment       0x00000000       0x71 ./Sources/median.o
 .comment       0x00000000       0x71 ./Sources/packet.o
 .comment       0x00000000       0x71 ./Project_Settings/Startup_Code/startup.o
 .comment       0x00000000       0x71 ./Generated_Code/Cpu.o
 .comment       0x00000000       0x71 ./Generated_Code/Vectors.o
 .comment       0x00000000       0x71 C:\Users\12545479\git\04\Library\libLab3.a(FIFO.o)
 .comment       0x00000000       0x71 C:\Users\12545479\git\04\Library\libOS.a(OS.o)

.debug_frame    0x00000000      0xd00
 .debug_frame   0x00000000       0xac ./Sources/FTM.o
 .debug_frame   0x000000ac       0xe0 ./Sources/Flash.o
 .debug_frame   0x0000018c       0x7c ./Sources/LEDs.o
 .debug_frame   0x00000208       0xb0 ./Sources/PIT.o
 .debug_frame   0x000002b8       0xac ./Sources/RTC.o
 .debug_frame   0x00000364       0xe8 ./Sources/SPI.o
 .debug_frame   0x0000044c       0xd4 ./Sources/UART.o
 .debug_frame   0x00000520       0x50 ./Sources/analog.o
 .debug_frame   0x00000570      0x1b8 ./Sources/main.o
 .debug_frame   0x00000728       0x90 ./Sources/median.o
 .debug_frame   0x000007b8       0x70 ./Sources/packet.o
 .debug_frame   0x00000828       0xc0 ./Project_Settings/Startup_Code/startup.o
 .debug_frame   0x000008e8       0x80 ./Generated_Code/Cpu.o
 .debug_frame   0x00000968       0x64 C:\Users\12545479\git\04\Library\libLab3.a(FIFO.o)
 .debug_frame   0x000009cc      0x2a0 C:\Users\12545479\git\04\Library\libOS.a(OS.o)
 .debug_frame   0x00000c6c       0x28 c:/software/freescale/kds_3.0.0/toolchain/bin/../lib/gcc/arm-none-eabi/4.8.4/../../../../arm-none-eabi/lib/armv7e-m/fpu\libg_s.a(lib_a-exit.o)
 .debug_frame   0x00000c94       0x2c c:/software/freescale/kds_3.0.0/toolchain/bin/../lib/gcc/arm-none-eabi/4.8.4/../../../../arm-none-eabi/lib/armv7e-m/fpu\libg_s.a(lib_a-init.o)
 .debug_frame   0x00000cc0       0x20 c:/software/freescale/kds_3.0.0/toolchain/bin/../lib/gcc/arm-none-eabi/4.8.4/../../../../arm-none-eabi/lib/armv7e-m/fpu\libg_s.a(lib_a-memset.o)
 .debug_frame   0x00000ce0       0x20 c:/software/freescale/kds_3.0.0/toolchain/bin/../lib/gcc/arm-none-eabi/4.8.4/../../../../arm-none-eabi/lib/armv7e-m/fpu\libnosys.a(_exit.o)
